Archive member included to satisfy reference by file (symbol)

C:/ST/STM32CubeIDE_1.19.0/STM32CubeIDE/plugins/com.st.stm32cube.ide.mcu.externaltools.gnu-tools-for-stm32.13.3.rel1.win32_1.0.0.202411081344/tools/bin/../lib/gcc/arm-none-eabi/13.3.1/../../../../arm-none-eabi/lib/thumb/v6-m/nofp\libc_nano.a(libc_a-exit.o)
                              C:/ST/STM32CubeIDE_1.19.0/STM32CubeIDE/plugins/com.st.stm32cube.ide.mcu.externaltools.gnu-tools-for-stm32.13.3.rel1.win32_1.0.0.202411081344/tools/bin/../lib/gcc/arm-none-eabi/13.3.1/../../../../arm-none-eabi/lib/thumb/v6-m/nofp/crt0.o (exit)
C:/ST/STM32CubeIDE_1.19.0/STM32CubeIDE/plugins/com.st.stm32cube.ide.mcu.externaltools.gnu-tools-for-stm32.13.3.rel1.win32_1.0.0.202411081344/tools/bin/../lib/gcc/arm-none-eabi/13.3.1/../../../../arm-none-eabi/lib/thumb/v6-m/nofp\libc_nano.a(libc_a-findfp.o)
                              C:/ST/STM32CubeIDE_1.19.0/STM32CubeIDE/plugins/com.st.stm32cube.ide.mcu.externaltools.gnu-tools-for-stm32.13.3.rel1.win32_1.0.0.202411081344/tools/bin/../lib/gcc/arm-none-eabi/13.3.1/../../../../arm-none-eabi/lib/thumb/v6-m/nofp\libc_nano.a(libc_a-exit.o) (__stdio_exit_handler)
C:/ST/STM32CubeIDE_1.19.0/STM32CubeIDE/plugins/com.st.stm32cube.ide.mcu.externaltools.gnu-tools-for-stm32.13.3.rel1.win32_1.0.0.202411081344/tools/bin/../lib/gcc/arm-none-eabi/13.3.1/../../../../arm-none-eabi/lib/thumb/v6-m/nofp\libc_nano.a(libc_a-fwalk.o)
                              C:/ST/STM32CubeIDE_1.19.0/STM32CubeIDE/plugins/com.st.stm32cube.ide.mcu.externaltools.gnu-tools-for-stm32.13.3.rel1.win32_1.0.0.202411081344/tools/bin/../lib/gcc/arm-none-eabi/13.3.1/../../../../arm-none-eabi/lib/thumb/v6-m/nofp\libc_nano.a(libc_a-findfp.o) (_fwalk_sglue)
C:/ST/STM32CubeIDE_1.19.0/STM32CubeIDE/plugins/com.st.stm32cube.ide.mcu.externaltools.gnu-tools-for-stm32.13.3.rel1.win32_1.0.0.202411081344/tools/bin/../lib/gcc/arm-none-eabi/13.3.1/../../../../arm-none-eabi/lib/thumb/v6-m/nofp\libc_nano.a(libc_a-printf.o)
                              ./Application/User/Core/main.o (printf)
C:/ST/STM32CubeIDE_1.19.0/STM32CubeIDE/plugins/com.st.stm32cube.ide.mcu.externaltools.gnu-tools-for-stm32.13.3.rel1.win32_1.0.0.202411081344/tools/bin/../lib/gcc/arm-none-eabi/13.3.1/../../../../arm-none-eabi/lib/thumb/v6-m/nofp\libc_nano.a(libc_a-stdio.o)
                              C:/ST/STM32CubeIDE_1.19.0/STM32CubeIDE/plugins/com.st.stm32cube.ide.mcu.externaltools.gnu-tools-for-stm32.13.3.rel1.win32_1.0.0.202411081344/tools/bin/../lib/gcc/arm-none-eabi/13.3.1/../../../../arm-none-eabi/lib/thumb/v6-m/nofp\libc_nano.a(libc_a-findfp.o) (__sread)
C:/ST/STM32CubeIDE_1.19.0/STM32CubeIDE/plugins/com.st.stm32cube.ide.mcu.externaltools.gnu-tools-for-stm32.13.3.rel1.win32_1.0.0.202411081344/tools/bin/../lib/gcc/arm-none-eabi/13.3.1/../../../../arm-none-eabi/lib/thumb/v6-m/nofp\libc_nano.a(libc_a-memset.o)
                              C:/ST/STM32CubeIDE_1.19.0/STM32CubeIDE/plugins/com.st.stm32cube.ide.mcu.externaltools.gnu-tools-for-stm32.13.3.rel1.win32_1.0.0.202411081344/tools/bin/../lib/gcc/arm-none-eabi/13.3.1/../../../../arm-none-eabi/lib/thumb/v6-m/nofp/crt0.o (memset)
C:/ST/STM32CubeIDE_1.19.0/STM32CubeIDE/plugins/com.st.stm32cube.ide.mcu.externaltools.gnu-tools-for-stm32.13.3.rel1.win32_1.0.0.202411081344/tools/bin/../lib/gcc/arm-none-eabi/13.3.1/../../../../arm-none-eabi/lib/thumb/v6-m/nofp\libc_nano.a(libc_a-closer.o)
                              C:/ST/STM32CubeIDE_1.19.0/STM32CubeIDE/plugins/com.st.stm32cube.ide.mcu.externaltools.gnu-tools-for-stm32.13.3.rel1.win32_1.0.0.202411081344/tools/bin/../lib/gcc/arm-none-eabi/13.3.1/../../../../arm-none-eabi/lib/thumb/v6-m/nofp\libc_nano.a(libc_a-stdio.o) (_close_r)
C:/ST/STM32CubeIDE_1.19.0/STM32CubeIDE/plugins/com.st.stm32cube.ide.mcu.externaltools.gnu-tools-for-stm32.13.3.rel1.win32_1.0.0.202411081344/tools/bin/../lib/gcc/arm-none-eabi/13.3.1/../../../../arm-none-eabi/lib/thumb/v6-m/nofp\libc_nano.a(libc_a-reent.o)
                              C:/ST/STM32CubeIDE_1.19.0/STM32CubeIDE/plugins/com.st.stm32cube.ide.mcu.externaltools.gnu-tools-for-stm32.13.3.rel1.win32_1.0.0.202411081344/tools/bin/../lib/gcc/arm-none-eabi/13.3.1/../../../../arm-none-eabi/lib/thumb/v6-m/nofp\libc_nano.a(libc_a-closer.o) (errno)
C:/ST/STM32CubeIDE_1.19.0/STM32CubeIDE/plugins/com.st.stm32cube.ide.mcu.externaltools.gnu-tools-for-stm32.13.3.rel1.win32_1.0.0.202411081344/tools/bin/../lib/gcc/arm-none-eabi/13.3.1/../../../../arm-none-eabi/lib/thumb/v6-m/nofp\libc_nano.a(libc_a-impure.o)
                              C:/ST/STM32CubeIDE_1.19.0/STM32CubeIDE/plugins/com.st.stm32cube.ide.mcu.externaltools.gnu-tools-for-stm32.13.3.rel1.win32_1.0.0.202411081344/tools/bin/../lib/gcc/arm-none-eabi/13.3.1/../../../../arm-none-eabi/lib/thumb/v6-m/nofp\libc_nano.a(libc_a-printf.o) (_impure_ptr)
[...]
Memory Configuration

Name             Origin             Length             Attributes
RAM              0x20000000         0x00009000         xrw
FLASH            0x08000000         0x00020000         xr
*default*        0x00000000         0xffffffff

Linker script and memory map

LOAD C:/ST/STM32CubeIDE_1.19.0/STM32CubeIDE/plugins/com.st.stm32cube.ide.mcu.externaltools.gnu-tools-for-stm32.13.3.rel1.win32_1.0.0.202411081344/tools/bin/../lib/gcc/arm-none-eabi/13.3.1/thumb/v6-m/nofp/crti.o
LOAD C:/ST/STM32CubeIDE_1.19.0/STM32CubeIDE/plugins/com.st.stm32cube.ide.mcu.externaltools.gnu-tools-for-stm32.13.3.rel1.win32_1.0.0.202411081344/tools/bin/../lib/gcc/arm-none-eabi/13.3.1/thumb/v6-m/nofp/crtbegin.o
LOAD C:/ST/STM32CubeIDE_1.19.0/STM32CubeIDE/plugins/com.st.stm32cube.ide.mcu.externaltools.gnu-tools-for-stm32.13.3.rel1.win32_1.0.0.202411081344/tools/bin/../lib/gcc/arm-none-eabi/13.3.1/../../../../arm-none-eabi/lib/thumb/v6-m/nofp/crt0.o
LOAD ./Application/User/Core/adc.o
LOAD ./Application/User/Core/dma.o
LOAD ./Application/User/Core/gpio.o
LOAD ./Application/User/Core/main.o
LOAD ./Application/User/Core/stm32g0xx_hal_msp.o
LOAD ./Application/User/Core/stm32g0xx_it.o
LOAD ./Application/User/Core/syscalls.o
LOAD ./Application/User/Core/sysmem.o
LOAD ./Application/User/Core/usart.o
LOAD ./Application/User/Startup/startup_stm32g071rbtx.o
LOAD ./Drivers/CMSIS/system_stm32g0xx.o
LOAD ./Drivers/STM32G0xx_HAL_Driver/stm32g0xx_hal.o
LOAD ./Drivers/STM32G0xx_HAL_Driver/stm32g0xx_hal_adc.o
LOAD ./Drivers/STM32G0xx_HAL_Driver/stm32g0xx_hal_adc_ex.o
LOAD ./Drivers/STM32G0xx_HAL_Driver/stm32g0xx_hal_cortex.o
LOAD ./Drivers/STM32G0xx_HAL_Driver/stm32g0xx_hal_dma.o
LOAD ./Drivers/STM32G0xx_HAL_Driver/stm32g0xx_hal_dma_ex.o
LOAD ./Drivers/STM32G0xx_HAL_Driver/stm32g0xx_hal_exti.o
LOAD ./Drivers/STM32G0xx_HAL_Driver/stm32g0xx_hal_flash.o
LOAD ./Drivers/STM32G0xx_HAL_Driver/stm32g0xx_hal_flash_ex.o
LOAD ./Drivers/STM32G0xx_HAL_Driver/stm32g0xx_hal_gpio.o
LOAD ./Drivers/STM32G0xx_HAL_Driver/stm32g0xx_hal_pwr.o
LOAD ./Drivers/STM32G0xx_HAL_Driver/stm32g0xx_hal_pwr_ex.o
LOAD ./Drivers/STM32G0xx_HAL_Driver/stm32g0xx_hal_rcc.o
LOAD ./Drivers/STM32G0xx_HAL_Driver/stm32g0xx_hal_rcc_ex.o
LOAD ./Drivers/STM32G0xx_HAL_Driver/stm32g0xx_hal_uart.o
LOAD ./Drivers/STM32G0xx_HAL_Driver/stm32g0xx_hal_uart_ex.o
LOAD ./Drivers/STM32G0xx_HAL_Driver/stm32g0xx_ll_adc.o
LOAD ./Drivers/STM32G0xx_HAL_Driver/stm32g0xx_ll_rcc.o
START GROUP
LOAD C:/ST/STM32CubeIDE_1.19.0/STM32CubeIDE/plugins/com.st.stm32cube.ide.mcu.externaltools.gnu-tools-for-stm32.13.3.rel1.win32_1.0.0.202411081344/tools/bin/../lib/gcc/arm-none-eabi/13.3.1/../../../../arm-none-eabi/lib/thumb/v6-m/nofp\libc_nano.a
LOAD C:/ST/STM32CubeIDE_1.19.0/STM32CubeIDE/plugins/com.st.stm32cube.ide.mcu.externaltools.gnu-tools-for-stm32.13.3.rel1.win32_1.0.0.202411081344/tools/bin/../lib/gcc/arm-none-eabi/13.3.1/../../../../arm-none-eabi/lib/thumb/v6-m/nofp\libm.a
END GROUP
START GROUP
LOAD C:/ST/STM32CubeIDE_1.19.0/STM32CubeIDE/plugins/com.st.stm32cube.ide.mcu.externaltools.gnu-tools-for-stm32.13.3.rel1.win32_1.0.0.202411081344/tools/bin/../lib/gcc/arm-none-eabi/13.3.1/thumb/v6-m/nofp\libgcc.a
LOAD C:/ST/STM32CubeIDE_1.19.0/STM32CubeIDE/plugins/com.st.stm32cube.ide.mcu.externaltools.gnu-tools-for-stm32.13.3.rel1.win32_1.0.0.202411081344/tools/bin/../lib/gcc/arm-none-eabi/13.3.1/../../../../arm-none-eabi/lib/thumb/v6-m/nofp\libc_nano.a
END GROUP
START GROUP
LOAD C:/ST/STM32CubeIDE_1.19.0/STM32CubeIDE/plugins/com.st.stm32cube.ide.mcu.externaltools.gnu-tools-for-stm32.13.3.rel1.win32_1.0.0.202411081344/tools/bin/../lib/gcc/arm-none-eabi/13.3.1/thumb/v6-m/nofp\libgcc.a
LOAD C:/ST/STM32CubeIDE_1.19.0/STM32CubeIDE/plugins/com.st.stm32cube.ide.mcu.externaltools.gnu-tools-for-stm32.13.3.rel1.win32_1.0.0.202411081344/tools/bin/../lib/gcc/arm-none-eabi/13.3.1/../../../../arm-none-eabi/lib/thumb/v6-m/nofp\libc_nano.a
LOAD C:/ST/STM32CubeIDE_1.19.0/STM32CubeIDE/plugins/com.st.stm32cube.ide.mcu.externaltools.gnu-tools-for-stm32.13.3.rel1.win32_1.0.0.202411081344/tools/bin/../lib/gcc/arm-none-eabi/13.3.1/../../../../arm-none-eabi/lib/thumb/v6-m/nofp\libnosys.a
END GROUP
START GROUP
LOAD C:/ST/STM32CubeIDE_1.19.0/STM32CubeIDE/plugins/com.st.stm32cube.ide.mcu.externaltools.gnu-tools-for-stm32.13.3.rel1.win32_1.0.0.202411081344/tools/bin/../lib/gcc/arm-none-eabi/13.3.1/thumb/v6-m/nofp\libgcc.a
LOAD C:/ST/STM32CubeIDE_1.19.0/STM32CubeIDE/plugins/com.st.stm32cube.ide.mcu.externaltools.gnu-tools-for-stm32.13.3.rel1.win32_1.0.0.202411081344/tools/bin/../lib/gcc/arm-none-eabi/13.3.1/../../../../arm-none-eabi/lib/thumb/v6-m/nofp\libc_nano.a
LOAD C:/ST/STM32CubeIDE_1.19.0/STM32CubeIDE/plugins/com.st.stm32cube.ide.mcu.externaltools.gnu-tools-for-stm32.13.3.rel1.win32_1.0.0.202411081344/tools/bin/../lib/gcc/arm-none-eabi/13.3.1/../../../../arm-none-eabi/lib/thumb/v6-m/nofp\libnosys.a
END GROUP
LOAD C:/ST/STM32CubeIDE_1.19.0/STM32CubeIDE/plugins/com.st.stm32cube.ide.mcu.externaltools.gnu-tools-for-stm32.13.3.rel1.win32_1.0.0.202411081344/tools/bin/../lib/gcc/arm-none-eabi/13.3.1/thumb/v6-m/nofp/crtend.o
LOAD C:/ST/STM32CubeIDE_1.19.0/STM32CubeIDE/plugins/com.st.stm32cube.ide.mcu.externaltools.gnu-tools-for-stm32.13.3.rel1.win32_1.0.0.202411081344/tools/bin/../lib/gcc/arm-none-eabi/13.3.1/thumb/v6-m/nofp/crtn.o
                0x20009000                        _estack = (ORIGIN (RAM) + LENGTH (RAM))
                0x00000200                        _Min_Heap_Size = 0x200
                0x00000400                        _Min_Stack_Size = 0x400

.isr_vector     0x08000000       0xbc
                0x08000000                        . = ALIGN (0x4)
 *(.isr_vector)
 .isr_vector    0x08000000       0xbc ./Application/User/Startup/startup_stm32g071rbtx.o
                0x08000000                g_pfnVectors
                0x080000bc                        . = ALIGN (0x4)

.text           0x080000bc     0x5590
                0x080000bc                        . = ALIGN (0x4)
 *(.text)
 .text          0x080000bc       0x48 C:/ST/STM32CubeIDE_1.19.0/STM32CubeIDE/plugins/com.st.stm32cube.ide.mcu.externaltools.gnu-tools-for-stm32.13.3.rel1.win32_1.0.0.202411081344/tools/bin/../lib/gcc/arm-none-eabi/13.3.1/thumb/v6-m/nofp/crtbegin.o
 .text          0x08000104       0x14 C:/ST/STM32CubeIDE_1.19.0/STM32CubeIDE/plugins/com.st.stm32cube.ide.mcu.externaltools.gnu-tools-for-stm32.13.3.rel1.win32_1.0.0.202411081344/tools/bin/../lib/gcc/arm-none-eabi/13.3.1/thumb/v6-m/nofp\libgcc.a(_thumb1_case_shi.o)
                0x08000104                __gnu_thumb1_case_shi
 .text          0x08000118      0x114 C:/ST/STM32CubeIDE_1.19.0/STM32CubeIDE/plugins/com.st.stm32cube.ide.mcu.externaltools.gnu-tools-for-stm32.13.3.rel1.win32_1.0.0.202411081344/tools/bin/../lib/gcc/arm-none-eabi/13.3.1/thumb/v6-m/nofp\libgcc.a(_udivsi3.o)
                0x08000118                __aeabi_uidiv
                0x08000118                __udivsi3
                0x08000224                __aeabi_uidivmod
 .text          0x0800022c      0x1d4 C:/ST/STM32CubeIDE_1.19.0/STM32CubeIDE/plugins/com.st.stm32cube.ide.mcu.externaltools.gnu-tools-for-stm32.13.3.rel1.win32_1.0.0.202411081344/tools/bin/../lib/gcc/arm-none-eabi/13.3.1/thumb/v6-m/nofp\libgcc.a(_divsi3.o)
                0x0800022c                __divsi3
                0x0800022c                __aeabi_idiv
                0x080003f8                __aeabi_idivmod
 .text          0x08000400        0x4 C:/ST/STM32CubeIDE_1.19.0/STM32CubeIDE/plugins/com.st.stm32cube.ide.mcu.externaltools.gnu-tools-for-stm32.13.3.rel1.win32_1.0.0.202411081344/tools/bin/../lib/gcc/arm-none-eabi/13.3.1/thumb/v6-m/nofp\libgcc.a(_dvmd_tls.o)
                0x08000400                __aeabi_idiv0
                0x08000400                __aeabi_ldiv0
 .text          0x08000404       0x40 C:/ST/STM32CubeIDE_1.19.0/STM32CubeIDE/plugins/com.st.stm32cube.ide.mcu.externaltools.gnu-tools-for-stm32.13.3.rel1.win32_1.0.0.202411081344/tools/bin/../lib/gcc/arm-none-eabi/13.3.1/thumb/v6-m/nofp\libgcc.a(_aeabi_uldivmod.o)
                0x08000404                __aeabi_uldivmod
 .text          0x08000444      0x198 C:/ST/STM32CubeIDE_1.19.0/STM32CubeIDE/plugins/com.st.stm32cube.ide.mcu.externaltools.gnu-tools-for-stm32.13.3.rel1.win32_1.0.0.202411081344/tools/bin/../lib/gcc/arm-none-eabi/13.3.1/thumb/v6-m/nofp\libgcc.a(_udivmoddi4.o)
                0x08000444                __udivmoddi4
 .text          0x080005dc       0x18 C:/ST/STM32CubeIDE_1.19.0/STM32CubeIDE/plugins/com.st.stm32cube.ide.mcu.externaltools.gnu-tools-for-stm32.13.3.rel1.win32_1.0.0.202411081344/tools/bin/../lib/gcc/arm-none-eabi/13.3.1/thumb/v6-m/nofp\libgcc.a(_clzdi2.o)
                0x080005dc                __clzdi2
 .text          0x080005f4       0x3c C:/ST/STM32CubeIDE_1.19.0/STM32CubeIDE/plugins/com.st.stm32cube.ide.mcu.externaltools.gnu-tools-for-stm32.13.3.rel1.win32_1.0.0.202411081344/tools/bin/../lib/gcc/arm-none-eabi/13.3.1/thumb/v6-m/nofp\libgcc.a(_clzsi2.o)
                0x080005f4                __clzsi2
 *(.text*)
 .text.MX_ADC1_Init
                0x08000630      0x100 ./Application/User/Core/adc.o
                0x08000630                MX_ADC1_Init
 .text.HAL_ADC_MspInit
                0x08000730       0xe4 ./Application/User/Core/adc.o
                0x08000730                HAL_ADC_MspInit
 .text.MX_DMA_Init
                0x08000814       0x3c ./Application/User/Core/dma.o
                0x08000814                MX_DMA_Init
 .text.MX_GPIO_Init
                0x08000850       0x6c ./Application/User/Core/gpio.o
                0x08000850                MX_GPIO_Init
 .text.__io_putchar
                0x080008bc       0x24 ./Application/User/Core/main.o
                0x080008bc                __io_putchar
 .text.main     0x080008e0       0x94 ./Application/User/Core/main.o
                0x080008e0                main
 .text.SystemClock_Config
                0x08000974       0xbc ./Application/User/Core/main.o
                0x08000974                SystemClock_Config
 .text.HAL_ADC_ConvCpltCallback
                0x08000a30       0x18 ./Application/User/Core/main.o
                0x08000a30                HAL_ADC_ConvCpltCallback
 .text.Error_Handler
                0x08000a48        0xc ./Application/User/Core/main.o
                0x08000a48                Error_Handler
 .text.HAL_MspInit
                0x08000a54       0x48 ./Application/User/Core/stm32g0xx_hal_msp.o
                0x08000a54                HAL_MspInit
 .text.NMI_Handler
                0x08000a9c        0x8 ./Application/User/Core/stm32g0xx_it.o
                0x08000a9c                NMI_Handler
 .text.HardFault_Handler
                0x08000aa4        0x8 ./Application/User/Core/stm32g0xx_it.o
                0x08000aa4                HardFault_Handler
 .text.SVC_Handler
                0x08000aac        0xa ./Application/User/Core/stm32g0xx_it.o
                0x08000aac                SVC_Handler
 .text.PendSV_Handler
                0x08000ab6        0xa ./Application/User/Core/stm32g0xx_it.o
                0x08000ab6                PendSV_Handler
 .text.SysTick_Handler
                0x08000ac0        0xe ./Application/User/Core/stm32g0xx_it.o
                0x08000ac0                SysTick_Handler
 *fill*         0x08000ace        0x2 
 .text.DMA1_Channel1_IRQHandler
                0x08000ad0       0x18 ./Application/User/Core/stm32g0xx_it.o
                0x08000ad0                DMA1_Channel1_IRQHandler
 .text._read    0x08000ae8       0x3a ./Application/User/Core/syscalls.o
                0x08000ae8                _read
 .text._write   0x08000b22       0x38 ./Application/User/Core/syscalls.o
                0x08000b22                _write
 .text._close   0x08000b5a       0x14 ./Application/User/Core/syscalls.o
                0x08000b5a                _close
 .text._fstat   0x08000b6e       0x1c ./Application/User/Core/syscalls.o
                0x08000b6e                _fstat
 .text._isatty  0x08000b8a       0x12 ./Application/User/Core/syscalls.o
                0x08000b8a                _isatty
 .text._lseek   0x08000b9c       0x16 ./Application/User/Core/syscalls.o
                0x08000b9c                _lseek
 *fill*         0x08000bb2        0x2 
 .text._sbrk    0x08000bb4       0x6c ./Application/User/Core/sysmem.o
                0x08000bb4                _sbrk
 .text.MX_USART2_UART_Init
                0x08000c20       0x9c ./Application/User/Core/usart.o
                0x08000c20                MX_USART2_UART_Init
 .text.HAL_UART_MspInit
                0x08000cbc       0xc0 ./Application/User/Core/usart.o
                0x08000cbc                HAL_UART_MspInit
 .text.Reset_Handler
                0x08000d7c       0x50 ./Application/User/Startup/startup_stm32g071rbtx.o
                0x08000d7c                Reset_Handler
 .text.Default_Handler
                0x08000dcc        0x2 ./Application/User/Startup/startup_stm32g071rbtx.o
                0x08000dcc                USART3_4_LPUART1_IRQHandler
                0x08000dcc                TIM1_CC_IRQHandler
                0x08000dcc                ADC1_COMP_IRQHandler
                0x08000dcc                PVD_IRQHandler
                0x08000dcc                I2C1_IRQHandler
                0x08000dcc                TIM7_LPTIM2_IRQHandler
                0x08000dcc                RTC_TAMP_IRQHandler
                0x08000dcc                SPI1_IRQHandler
                0x08000dcc                EXTI2_3_IRQHandler
                0x08000dcc                I2C2_IRQHandler
                0x08000dcc                TIM17_IRQHandler
                0x08000dcc                TIM16_IRQHandler
                0x08000dcc                TIM3_IRQHandler
                0x08000dcc                EXTI4_15_IRQHandler
                0x08000dcc                RCC_IRQHandler
                0x08000dcc                Default_Handler
                0x08000dcc                CEC_IRQHandler
                0x08000dcc                TIM14_IRQHandler
                0x08000dcc                TIM15_IRQHandler
                0x08000dcc                EXTI0_1_IRQHandler
                0x08000dcc                SPI2_IRQHandler
                0x08000dcc                TIM6_DAC_LPTIM1_IRQHandler
                0x08000dcc                WWDG_IRQHandler
                0x08000dcc                TIM2_IRQHandler
                0x08000dcc                DMA1_Ch4_7_DMAMUX1_OVR_IRQHandler
                0x08000dcc                DMA1_Channel2_3_IRQHandler
                0x08000dcc                UCPD1_2_IRQHandler
                0x08000dcc                USART2_IRQHandler
                0x08000dcc                FLASH_IRQHandler
                0x08000dcc                USART1_IRQHandler
                0x08000dcc                TIM1_BRK_UP_TRG_COM_IRQHandler
 .text.SystemInit
                0x08000dce        0xa ./Drivers/CMSIS/system_stm32g0xx.o
                0x08000dce                SystemInit
 .text.HAL_Init
                0x08000dd8       0x40 ./Drivers/STM32G0xx_HAL_Driver/stm32g0xx_hal.o
                0x08000dd8                HAL_Init
 .text.HAL_InitTick
                0x08000e18       0x94 ./Drivers/STM32G0xx_HAL_Driver/stm32g0xx_hal.o
                0x08000e18                HAL_InitTick
 .text.HAL_IncTick
                0x08000eac       0x24 ./Drivers/STM32G0xx_HAL_Driver/stm32g0xx_hal.o
                0x08000eac                HAL_IncTick
 .text.HAL_GetTick
                0x08000ed0       0x14 ./Drivers/STM32G0xx_HAL_Driver/stm32g0xx_hal.o
                0x08000ed0                HAL_GetTick
 .text.HAL_Delay
                0x08000ee4       0x48 ./Drivers/STM32G0xx_HAL_Driver/stm32g0xx_hal.o
                0x08000ee4                HAL_Delay
 .text.LL_ADC_SetCommonPathInternalCh
                0x08000f2c       0x28 ./Drivers/STM32G0xx_HAL_Driver/stm32g0xx_hal_adc.o
 .text.LL_ADC_GetCommonPathInternalCh
                0x08000f54       0x1a ./Drivers/STM32G0xx_HAL_Driver/stm32g0xx_hal_adc.o
 .text.LL_ADC_SetSamplingTimeCommonChannels
                0x08000f6e       0x3a ./Drivers/STM32G0xx_HAL_Driver/stm32g0xx_hal_adc.o
 .text.LL_ADC_GetSamplingTimeCommonChannels
                0x08000fa8       0x2e ./Drivers/STM32G0xx_HAL_Driver/stm32g0xx_hal_adc.o
 .text.LL_ADC_REG_IsTriggerSourceSWStart
                0x08000fd6       0x22 ./Drivers/STM32G0xx_HAL_Driver/stm32g0xx_hal_adc.o
 .text.LL_ADC_REG_SetSequencerRanks
                0x08000ff8       0x40 ./Drivers/STM32G0xx_HAL_Driver/stm32g0xx_hal_adc.o
 .text.LL_ADC_REG_SetSequencerChAdd
                0x08001038       0x22 ./Drivers/STM32G0xx_HAL_Driver/stm32g0xx_hal_adc.o
 .text.LL_ADC_REG_SetSequencerChRem
                0x0800105a       0x24 ./Drivers/STM32G0xx_HAL_Driver/stm32g0xx_hal_adc.o
 *fill*         0x0800107e        0x2 
 .text.LL_ADC_SetChannelSamplingTime
                0x08001080       0x38 ./Drivers/STM32G0xx_HAL_Driver/stm32g0xx_hal_adc.o
 .text.LL_ADC_EnableInternalRegulator
                0x080010b8       0x28 ./Drivers/STM32G0xx_HAL_Driver/stm32g0xx_hal_adc.o
 .text.LL_ADC_IsInternalRegulatorEnabled
                0x080010e0       0x28 ./Drivers/STM32G0xx_HAL_Driver/stm32g0xx_hal_adc.o
 .text.LL_ADC_Enable
                0x08001108       0x24 ./Drivers/STM32G0xx_HAL_Driver/stm32g0xx_hal_adc.o
 .text.LL_ADC_Disable
                0x0800112c       0x24 ./Drivers/STM32G0xx_HAL_Driver/stm32g0xx_hal_adc.o
 .text.LL_ADC_IsEnabled
                0x08001150       0x22 ./Drivers/STM32G0xx_HAL_Driver/stm32g0xx_hal_adc.o
 .text.LL_ADC_IsDisableOngoing
                0x08001172       0x22 ./Drivers/STM32G0xx_HAL_Driver/stm32g0xx_hal_adc.o
 .text.LL_ADC_REG_StartConversion
                0x08001194       0x24 ./Drivers/STM32G0xx_HAL_Driver/stm32g0xx_hal_adc.o
 .text.LL_ADC_REG_StopConversion
                0x080011b8       0x24 ./Drivers/STM32G0xx_HAL_Driver/stm32g0xx_hal_adc.o
 .text.LL_ADC_REG_IsConversionOngoing
                0x080011dc       0x22 ./Drivers/STM32G0xx_HAL_Driver/stm32g0xx_hal_adc.o
 *fill*         0x080011fe        0x2 
 .text.HAL_ADC_Init
                0x08001200      0x350 ./Drivers/STM32G0xx_HAL_Driver/stm32g0xx_hal_adc.o
                0x08001200                HAL_ADC_Init
 .text.HAL_ADC_Start_DMA
                0x08001550      0x11c ./Drivers/STM32G0xx_HAL_Driver/stm32g0xx_hal_adc.o
                0x08001550                HAL_ADC_Start_DMA
 .text.HAL_ADC_Stop_DMA
                0x0800166c       0xe4 ./Drivers/STM32G0xx_HAL_Driver/stm32g0xx_hal_adc.o
                0x0800166c                HAL_ADC_Stop_DMA
 .text.HAL_ADC_ConvHalfCpltCallback
                0x08001750       0x10 ./Drivers/STM32G0xx_HAL_Driver/stm32g0xx_hal_adc.o
                0x08001750                HAL_ADC_ConvHalfCpltCallback
 .text.HAL_ADC_ErrorCallback
                0x08001760       0x10 ./Drivers/STM32G0xx_HAL_Driver/stm32g0xx_hal_adc.o
                0x08001760                HAL_ADC_ErrorCallback
 .text.HAL_ADC_ConfigChannel
                0x08001770      0x3b0 ./Drivers/STM32G0xx_HAL_Driver/stm32g0xx_hal_adc.o
                0x08001770                HAL_ADC_ConfigChannel
 .text.ADC_ConversionStop
                0x08001b20       0x84 ./Drivers/STM32G0xx_HAL_Driver/stm32g0xx_hal_adc.o
                0x08001b20                ADC_ConversionStop
 .text.ADC_Enable
                0x08001ba4      0x10c ./Drivers/STM32G0xx_HAL_Driver/stm32g0xx_hal_adc.o
                0x08001ba4                ADC_Enable
 .text.ADC_Disable
                0x08001cb0       0xbc ./Drivers/STM32G0xx_HAL_Driver/stm32g0xx_hal_adc.o
                0x08001cb0                ADC_Disable
 .text.ADC_DMAConvCplt
                0x08001d6c       0xc8 ./Drivers/STM32G0xx_HAL_Driver/stm32g0xx_hal_adc.o
 .text.ADC_DMAHalfConvCplt
                0x08001e34       0x1e ./Drivers/STM32G0xx_HAL_Driver/stm32g0xx_hal_adc.o
 .text.ADC_DMAError
                0x08001e52       0x36 ./Drivers/STM32G0xx_HAL_Driver/stm32g0xx_hal_adc.o
 .text.LL_ADC_GetCommonClock
                0x08001e88       0x1a ./Drivers/STM32G0xx_HAL_Driver/stm32g0xx_hal_adc_ex.o
 .text.LL_ADC_GetClock
                0x08001ea2       0x18 ./Drivers/STM32G0xx_HAL_Driver/stm32g0xx_hal_adc_ex.o
 .text.LL_ADC_SetCalibrationFactor
                0x08001eba       0x28 ./Drivers/STM32G0xx_HAL_Driver/stm32g0xx_hal_adc_ex.o
 .text.LL_ADC_GetCalibrationFactor
                0x08001ee2       0x1a ./Drivers/STM32G0xx_HAL_Driver/stm32g0xx_hal_adc_ex.o
 .text.LL_ADC_Enable
                0x08001efc       0x24 ./Drivers/STM32G0xx_HAL_Driver/stm32g0xx_hal_adc_ex.o
 .text.LL_ADC_Disable
                0x08001f20       0x24 ./Drivers/STM32G0xx_HAL_Driver/stm32g0xx_hal_adc_ex.o
 .text.LL_ADC_IsEnabled
                0x08001f44       0x22 ./Drivers/STM32G0xx_HAL_Driver/stm32g0xx_hal_adc_ex.o
 *fill*         0x08001f66        0x2 
 .text.LL_ADC_StartCalibration
                0x08001f68       0x28 ./Drivers/STM32G0xx_HAL_Driver/stm32g0xx_hal_adc_ex.o
 .text.LL_ADC_IsCalibrationOnGoing
                0x08001f90       0x26 ./Drivers/STM32G0xx_HAL_Driver/stm32g0xx_hal_adc_ex.o
 *fill*         0x08001fb6        0x2 
 .text.HAL_ADCEx_Calibration_Start
                0x08001fb8      0x1f8 ./Drivers/STM32G0xx_HAL_Driver/stm32g0xx_hal_adc_ex.o
                0x08001fb8                HAL_ADCEx_Calibration_Start
 .text.__NVIC_EnableIRQ
                0x080021b0       0x34 ./Drivers/STM32G0xx_HAL_Driver/stm32g0xx_hal_cortex.o
 .text.__NVIC_SetPriority
                0x080021e4       0xdc ./Drivers/STM32G0xx_HAL_Driver/stm32g0xx_hal_cortex.o
 .text.SysTick_Config
                0x080022c0       0x48 ./Drivers/STM32G0xx_HAL_Driver/stm32g0xx_hal_cortex.o
 .text.HAL_NVIC_SetPriority
                0x08002308       0x2a ./Drivers/STM32G0xx_HAL_Driver/stm32g0xx_hal_cortex.o
                0x08002308                HAL_NVIC_SetPriority
 .text.HAL_NVIC_EnableIRQ
                0x08002332       0x20 ./Drivers/STM32G0xx_HAL_Driver/stm32g0xx_hal_cortex.o
                0x08002332                HAL_NVIC_EnableIRQ
 .text.HAL_SYSTICK_Config
                0x08002352       0x1a ./Drivers/STM32G0xx_HAL_Driver/stm32g0xx_hal_cortex.o
                0x08002352                HAL_SYSTICK_Config
 .text.HAL_DMA_Init
                0x0800236c      0x114 ./Drivers/STM32G0xx_HAL_Driver/stm32g0xx_hal_dma.o
                0x0800236c                HAL_DMA_Init
 .text.HAL_DMA_Start_IT
                0x08002480      0x10c ./Drivers/STM32G0xx_HAL_Driver/stm32g0xx_hal_dma.o
                0x08002480                HAL_DMA_Start_IT
 .text.HAL_DMA_Abort
                0x0800258c       0xc4 ./Drivers/STM32G0xx_HAL_Driver/stm32g0xx_hal_dma.o
                0x0800258c                HAL_DMA_Abort
 .text.HAL_DMA_IRQHandler
                0x08002650      0x164 ./Drivers/STM32G0xx_HAL_Driver/stm32g0xx_hal_dma.o
                0x08002650                HAL_DMA_IRQHandler
 .text.DMA_SetConfig
                0x080027b4       0x80 ./Drivers/STM32G0xx_HAL_Driver/stm32g0xx_hal_dma.o
 .text.DMA_CalcDMAMUXChannelBaseAndMask
                0x08002834       0x58 ./Drivers/STM32G0xx_HAL_Driver/stm32g0xx_hal_dma.o
 .text.DMA_CalcDMAMUXRequestGenBaseAndMask
                0x0800288c       0x48 ./Drivers/STM32G0xx_HAL_Driver/stm32g0xx_hal_dma.o
 .text.HAL_GPIO_Init
                0x080028d4      0x2c8 ./Drivers/STM32G0xx_HAL_Driver/stm32g0xx_hal_gpio.o
                0x080028d4                HAL_GPIO_Init
 .text.HAL_GPIO_WritePin
                0x08002b9c       0x3a ./Drivers/STM32G0xx_HAL_Driver/stm32g0xx_hal_gpio.o
                0x08002b9c                HAL_GPIO_WritePin
 *fill*         0x08002bd6        0x2 
 .text.HAL_PWREx_ControlVoltageScaling
                0x08002bd8       0x80 ./Drivers/STM32G0xx_HAL_Driver/stm32g0xx_hal_pwr_ex.o
                0x08002bd8                HAL_PWREx_ControlVoltageScaling
 .text.LL_RCC_GetAPB1Prescaler
                0x08002c58       0x18 ./Drivers/STM32G0xx_HAL_Driver/stm32g0xx_hal_rcc.o
 .text.HAL_RCC_OscConfig
                0x08002c70      0x634 ./Drivers/STM32G0xx_HAL_Driver/stm32g0xx_hal_rcc.o
                0x08002c70                HAL_RCC_OscConfig
 .text.HAL_RCC_ClockConfig
                0x080032a4      0x210 ./Drivers/STM32G0xx_HAL_Driver/stm32g0xx_hal_rcc.o
                0x080032a4                HAL_RCC_ClockConfig
 .text.HAL_RCC_GetSysClockFreq
                0x080034b4      0x104 ./Drivers/STM32G0xx_HAL_Driver/stm32g0xx_hal_rcc.o
                0x080034b4                HAL_RCC_GetSysClockFreq
 .text.HAL_RCC_GetHCLKFreq
                0x080035b8       0x14 ./Drivers/STM32G0xx_HAL_Driver/stm32g0xx_hal_rcc.o
                0x080035b8                HAL_RCC_GetHCLKFreq
 .text.HAL_RCC_GetPCLK1Freq
                0x080035cc       0x2c ./Drivers/STM32G0xx_HAL_Driver/stm32g0xx_hal_rcc.o
                0x080035cc                HAL_RCC_GetPCLK1Freq
 .text.HAL_RCCEx_PeriphCLKConfig
                0x080035f8      0x370 ./Drivers/STM32G0xx_HAL_Driver/stm32g0xx_hal_rcc_ex.o
                0x080035f8                HAL_RCCEx_PeriphCLKConfig
 .text.HAL_UART_Init
                0x08003968       0xac ./Drivers/STM32G0xx_HAL_Driver/stm32g0xx_hal_uart.o
                0x08003968                HAL_UART_Init
 .text.HAL_UART_Transmit
                0x08003a14      0x148 ./Drivers/STM32G0xx_HAL_Driver/stm32g0xx_hal_uart.o
                0x08003a14                HAL_UART_Transmit
 .text.UART_SetConfig
                0x08003b5c      0x57c ./Drivers/STM32G0xx_HAL_Driver/stm32g0xx_hal_uart.o
                0x08003b5c                UART_SetConfig
 .text.UART_AdvFeatureConfig
                0x080040d8      0x168 ./Drivers/STM32G0xx_HAL_Driver/stm32g0xx_hal_uart.o
                0x080040d8                UART_AdvFeatureConfig
 .text.UART_CheckIdleState
                0x08004240      0x154 ./Drivers/STM32G0xx_HAL_Driver/stm32g0xx_hal_uart.o
                0x08004240                UART_CheckIdleState
 .text.UART_WaitOnFlagUntilTimeout
                0x08004394       0xde ./Drivers/STM32G0xx_HAL_Driver/stm32g0xx_hal_uart.o
                0x08004394                UART_WaitOnFlagUntilTimeout
 *fill*         0x08004472        0x2 
 .text.UART_EndRxTransfer
                0x08004474       0xcc ./Drivers/STM32G0xx_HAL_Driver/stm32g0xx_hal_uart.o
 .text.HAL_UARTEx_DisableFifoMode
                0x08004540       0x74 ./Drivers/STM32G0xx_HAL_Driver/stm32g0xx_hal_uart_ex.o
                0x08004540                HAL_UARTEx_DisableFifoMode
 .text.HAL_UARTEx_SetTxFifoThreshold
                0x080045b4       0x7e ./Drivers/STM32G0xx_HAL_Driver/stm32g0xx_hal_uart_ex.o
                0x080045b4                HAL_UARTEx_SetTxFifoThreshold
 *fill*         0x08004632        0x2 
 .text.HAL_UARTEx_SetRxFifoThreshold
                0x08004634       0x84 ./Drivers/STM32G0xx_HAL_Driver/stm32g0xx_hal_uart_ex.o
                0x08004634                HAL_UARTEx_SetRxFifoThreshold
 .text.UARTEx_SetNbDataToProcess
                0x080046b8       0xbc ./Drivers/STM32G0xx_HAL_Driver/stm32g0xx_hal_uart_ex.o
 .text.std      0x08004774       0x6c C:/ST/STM32CubeIDE_1.19.0/STM32CubeIDE/plugins/com.st.stm32cube.ide.mcu.externaltools.gnu-tools-for-stm32.13.3.rel1.win32_1.0.0.202411081344/tools/bin/../lib/gcc/arm-none-eabi/13.3.1/../../../../arm-none-eabi/lib/thumb/v6-m/nofp\libc_nano.a(libc_a-findfp.o)
 .text.stdio_exit_handler
                0x080047e0       0x1c C:/ST/STM32CubeIDE_1.19.0/STM32CubeIDE/plugins/com.st.stm32cube.ide.mcu.externaltools.gnu-tools-for-stm32.13.3.rel1.win32_1.0.0.202411081344/tools/bin/../lib/gcc/arm-none-eabi/13.3.1/../../../../arm-none-eabi/lib/thumb/v6-m/nofp\libc_nano.a(libc_a-findfp.o)
 .text.cleanup_stdio
                0x080047fc       0x3c C:/ST/STM32CubeIDE_1.19.0/STM32CubeIDE/plugins/com.st.stm32cube.ide.mcu.externaltools.gnu-tools-for-stm32.13.3.rel1.win32_1.0.0.202411081344/tools/bin/../lib/gcc/arm-none-eabi/13.3.1/../../../../arm-none-eabi/lib/thumb/v6-m/nofp\libc_nano.a(libc_a-findfp.o)
 .text.global_stdio_init.part.0
                0x08004838       0x3c C:/ST/STM32CubeIDE_1.19.0/STM32CubeIDE/plugins/com.st.stm32cube.ide.mcu.externaltools.gnu-tools-for-stm32.13.3.rel1.win32_1.0.0.202411081344/tools/bin/../lib/gcc/arm-none-eabi/13.3.1/../../../../arm-none-eabi/lib/thumb/v6-m/nofp\libc_nano.a(libc_a-findfp.o)
 .text.__sfp_lock_acquire
                0x08004874       0x10 C:/ST/STM32CubeIDE_1.19.0/STM32CubeIDE/plugins/com.st.stm32cube.ide.mcu.externaltools.gnu-tools-for-stm32.13.3.rel1.win32_1.0.0.202411081344/tools/bin/../lib/gcc/arm-none-eabi/13.3.1/../../../../arm-none-eabi/lib/thumb/v6-m/nofp\libc_nano.a(libc_a-findfp.o)
                0x08004874                __sfp_lock_acquire
 .text.__sfp_lock_release
                0x08004884       0x10 C:/ST/STM32CubeIDE_1.19.0/STM32CubeIDE/plugins/com.st.stm32cube.ide.mcu.externaltools.gnu-tools-for-stm32.13.3.rel1.win32_1.0.0.202411081344/tools/bin/../lib/gcc/arm-none-eabi/13.3.1/../../../../arm-none-eabi/lib/thumb/v6-m/nofp\libc_nano.a(libc_a-findfp.o)
                0x08004884                __sfp_lock_release
 .text.__sinit  0x08004894       0x30 C:/ST/STM32CubeIDE_1.19.0/STM32CubeIDE/plugins/com.st.stm32cube.ide.mcu.externaltools.gnu-tools-for-stm32.13.3.rel1.win32_1.0.0.202411081344/tools/bin/../lib/gcc/arm-none-eabi/13.3.1/../../../../arm-none-eabi/lib/thumb/v6-m/nofp\libc_nano.a(libc_a-findfp.o)
                0x08004894                __sinit
 .text._fwalk_sglue
                0x080048c4       0x38 C:/ST/STM32CubeIDE_1.19.0/STM32CubeIDE/plugins/com.st.stm32cube.ide.mcu.externaltools.gnu-tools-for-stm32.13.3.rel1.win32_1.0.0.202411081344/tools/bin/../lib/gcc/arm-none-eabi/13.3.1/../../../../arm-none-eabi/lib/thumb/v6-m/nofp\libc_nano.a(libc_a-fwalk.o)
                0x080048c4                _fwalk_sglue
 .text.printf   0x080048fc       0x20 C:/ST/STM32CubeIDE_1.19.0/STM32CubeIDE/plugins/com.st.stm32cube.ide.mcu.externaltools.gnu-tools-for-stm32.13.3.rel1.win32_1.0.0.202411081344/tools/bin/../lib/gcc/arm-none-eabi/13.3.1/../../../../arm-none-eabi/lib/thumb/v6-m/nofp\libc_nano.a(libc_a-printf.o)
                0x080048fc                iprintf
                0x080048fc                printf
 .text.__sread  0x0800491c       0x28 C:/ST/STM32CubeIDE_1.19.0/STM32CubeIDE/plugins/com.st.stm32cube.ide.mcu.externaltools.gnu-tools-for-stm32.13.3.rel1.win32_1.0.0.202411081344/tools/bin/../lib/gcc/arm-none-eabi/13.3.1/../../../../arm-none-eabi/lib/thumb/v6-m/nofp\libc_nano.a(libc_a-stdio.o)
                0x0800491c                __sread
 .text.__swrite
                0x08004944       0x38 C:/ST/STM32CubeIDE_1.19.0/STM32CubeIDE/plugins/com.st.stm32cube.ide.mcu.externaltools.gnu-tools-for-stm32.13.3.rel1.win32_1.0.0.202411081344/tools/bin/../lib/gcc/arm-none-eabi/13.3.1/../../../../arm-none-eabi/lib/thumb/v6-m/nofp\libc_nano.a(libc_a-stdio.o)
                0x08004944                __swrite
 .text.__sseek  0x0800497c       0x2c C:/ST/STM32CubeIDE_1.19.0/STM32CubeIDE/plugins/com.st.stm32cube.ide.mcu.externaltools.gnu-tools-for-stm32.13.3.rel1.win32_1.0.0.202411081344/tools/bin/../lib/gcc/arm-none-eabi/13.3.1/../../../../arm-none-eabi/lib/thumb/v6-m/nofp\libc_nano.a(libc_a-stdio.o)
                0x0800497c                __sseek
 .text.__sclose
                0x080049a8        0xc C:/ST/STM32CubeIDE_1.19.0/STM32CubeIDE/plugins/com.st.stm32cube.ide.mcu.externaltools.gnu-tools-for-stm32.13.3.rel1.win32_1.0.0.202411081344/tools/bin/../lib/gcc/arm-none-eabi/13.3.1/../../../../arm-none-eabi/lib/thumb/v6-m/nofp\libc_nano.a(libc_a-stdio.o)
                0x080049a8                __sclose
 .text.memset   0x080049b4       0x10 C:/ST/STM32CubeIDE_1.19.0/STM32CubeIDE/plugins/com.st.stm32cube.ide.mcu.externaltools.gnu-tools-for-stm32.13.3.rel1.win32_1.0.0.202411081344/tools/bin/../lib/gcc/arm-none-eabi/13.3.1/../../../../arm-none-eabi/lib/thumb/v6-m/nofp\libc_nano.a(libc_a-memset.o)
                0x080049b4                memset
 .text._close_r
                0x080049c4       0x24 C:/ST/STM32CubeIDE_1.19.0/STM32CubeIDE/plugins/com.st.stm32cube.ide.mcu.externaltools.gnu-tools-for-stm32.13.3.rel1.win32_1.0.0.202411081344/tools/bin/../lib/gcc/arm-none-eabi/13.3.1/../../../../arm-none-eabi/lib/thumb/v6-m/nofp\libc_nano.a(libc_a-closer.o)
                0x080049c4                _close_r
 .text._lseek_r
                0x080049e8       0x28 C:/ST/STM32CubeIDE_1.19.0/STM32CubeIDE/plugins/com.st.stm32cube.ide.mcu.externaltools.gnu-tools-for-stm32.13.3.rel1.win32_1.0.0.202411081344/tools/bin/../lib/gcc/arm-none-eabi/13.3.1/../../../../arm-none-eabi/lib/thumb/v6-m/nofp\libc_nano.a(libc_a-lseekr.o)
                0x080049e8                _lseek_r
 .text._read_r  0x08004a10       0x28 C:/ST/STM32CubeIDE_1.19.0/STM32CubeIDE/plugins/com.st.stm32cube.ide.mcu.externaltools.gnu-tools-for-stm32.13.3.rel1.win32_1.0.0.202411081344/tools/bin/../lib/gcc/arm-none-eabi/13.3.1/../../../../arm-none-eabi/lib/thumb/v6-m/nofp\libc_nano.a(libc_a-readr.o)
                0x08004a10                _read_r
 .text._write_r
                0x08004a38       0x28 C:/ST/STM32CubeIDE_1.19.0/STM32CubeIDE/plugins/com.st.stm32cube.ide.mcu.externaltools.gnu-tools-for-stm32.13.3.rel1.win32_1.0.0.202411081344/tools/bin/../lib/gcc/arm-none-eabi/13.3.1/../../../../arm-none-eabi/lib/thumb/v6-m/nofp\libc_nano.a(libc_a-writer.o)
                0x08004a38                _write_r
 .text.__errno  0x08004a60        0xc C:/ST/STM32CubeIDE_1.19.0/STM32CubeIDE/plugins/com.st.stm32cube.ide.mcu.externaltools.gnu-tools-for-stm32.13.3.rel1.win32_1.0.0.202411081344/tools/bin/../lib/gcc/arm-none-eabi/13.3.1/../../../../arm-none-eabi/lib/thumb/v6-m/nofp\libc_nano.a(libc_a-errno.o)
                0x08004a60                __errno
 .text.__libc_init_array
                0x08004a6c       0x48 C:/ST/STM32CubeIDE_1.19.0/STM32CubeIDE/plugins/com.st.stm32cube.ide.mcu.externaltools.gnu-tools-for-stm32.13.3.rel1.win32_1.0.0.202411081344/tools/bin/../lib/gcc/arm-none-eabi/13.3.1/../../../../arm-none-eabi/lib/thumb/v6-m/nofp\libc_nano.a(libc_a-init.o)
                0x08004a6c                __libc_init_array
 .text.__retarget_lock_init_recursive
                0x08004ab4        0x2 C:/ST/STM32CubeIDE_1.19.0/STM32CubeIDE/plugins/com.st.stm32cube.ide.mcu.externaltools.gnu-tools-for-stm32.13.3.rel1.win32_1.0.0.202411081344/tools/bin/../lib/gcc/arm-none-eabi/13.3.1/../../../../arm-none-eabi/lib/thumb/v6-m/nofp\libc_nano.a(libc_a-lock.o)
                0x08004ab4                __retarget_lock_init_recursive
 .text.__retarget_lock_acquire_recursive
                0x08004ab6        0x2 C:/ST/STM32CubeIDE_1.19.0/STM32CubeIDE/plugins/com.st.stm32cube.ide.mcu.externaltools.gnu-tools-for-stm32.13.3.rel1.win32_1.0.0.202411081344/tools/bin/../lib/gcc/arm-none-eabi/13.3.1/../../../../arm-none-eabi/lib/thumb/v6-m/nofp\libc_nano.a(libc_a-lock.o)
                0x08004ab6                __retarget_lock_acquire_recursive
 .text.__retarget_lock_release_recursive
                0x08004ab8        0x2 C:/ST/STM32CubeIDE_1.19.0/STM32CubeIDE/plugins/com.st.stm32cube.ide.mcu.externaltools.gnu-tools-for-stm32.13.3.rel1.win32_1.0.0.202411081344/tools/bin/../lib/gcc/arm-none-eabi/13.3.1/../../../../arm-none-eabi/lib/thumb/v6-m/nofp\libc_nano.a(libc_a-lock.o)
                0x08004ab8                __retarget_lock_release_recursive
 *fill*         0x08004aba        0x2 
 .text._free_r  0x08004abc       0x94 C:/ST/STM32CubeIDE_1.19.0/STM32CubeIDE/plugins/com.st.stm32cube.ide.mcu.externaltools.gnu-tools-for-stm32.13.3.rel1.win32_1.0.0.202411081344/tools/bin/../lib/gcc/arm-none-eabi/13.3.1/../../../../arm-none-eabi/lib/thumb/v6-m/nofp\libc_nano.a(libc_a-freer.o)
                0x08004abc                _free_r
 .text.sbrk_aligned
                0x08004b50       0x44 C:/ST/STM32CubeIDE_1.19.0/STM32CubeIDE/plugins/com.st.stm32cube.ide.mcu.externaltools.gnu-tools-for-stm32.13.3.rel1.win32_1.0.0.202411081344/tools/bin/../lib/gcc/arm-none-eabi/13.3.1/../../../../arm-none-eabi/lib/thumb/v6-m/nofp\libc_nano.a(libc_a-mallocr.o)
 .text._malloc_r
                0x08004b94      0x100 C:/ST/STM32CubeIDE_1.19.0/STM32CubeIDE/plugins/com.st.stm32cube.ide.mcu.externaltools.gnu-tools-for-stm32.13.3.rel1.win32_1.0.0.202411081344/tools/bin/../lib/gcc/arm-none-eabi/13.3.1/../../../../arm-none-eabi/lib/thumb/v6-m/nofp\libc_nano.a(libc_a-mallocr.o)
                0x08004b94                _malloc_r
 .text.__malloc_lock
                0x08004c94       0x10 C:/ST/STM32CubeIDE_1.19.0/STM32CubeIDE/plugins/com.st.stm32cube.ide.mcu.externaltools.gnu-tools-for-stm32.13.3.rel1.win32_1.0.0.202411081344/tools/bin/../lib/gcc/arm-none-eabi/13.3.1/../../../../arm-none-eabi/lib/thumb/v6-m/nofp\libc_nano.a(libc_a-mlock.o)
                0x08004c94                __malloc_lock
 .text.__malloc_unlock
                0x08004ca4       0x10 C:/ST/STM32CubeIDE_1.19.0/STM32CubeIDE/plugins/com.st.stm32cube.ide.mcu.externaltools.gnu-tools-for-stm32.13.3.rel1.win32_1.0.0.202411081344/tools/bin/../lib/gcc/arm-none-eabi/13.3.1/../../../../arm-none-eabi/lib/thumb/v6-m/nofp\libc_nano.a(libc_a-mlock.o)
                0x08004ca4                __malloc_unlock
 .text.__sfputc_r
                0x08004cb4       0x2a C:/ST/STM32CubeIDE_1.19.0/STM32CubeIDE/plugins/com.st.stm32cube.ide.mcu.externaltools.gnu-tools-for-stm32.13.3.rel1.win32_1.0.0.202411081344/tools/bin/../lib/gcc/arm-none-eabi/13.3.1/../../../../arm-none-eabi/lib/thumb/v6-m/nofp\libc_nano.a(libc_a-nano-vfprintf.o)
 .text.__sfputs_r
                0x08004cde       0x24 C:/ST/STM32CubeIDE_1.19.0/STM32CubeIDE/plugins/com.st.stm32cube.ide.mcu.externaltools.gnu-tools-for-stm32.13.3.rel1.win32_1.0.0.202411081344/tools/bin/../lib/gcc/arm-none-eabi/13.3.1/../../../../arm-none-eabi/lib/thumb/v6-m/nofp\libc_nano.a(libc_a-nano-vfprintf.o)
                0x08004cde                __sfputs_r
 *fill*         0x08004d02        0x2 
 .text._vfprintf_r
                0x08004d04      0x238 C:/ST/STM32CubeIDE_1.19.0/STM32CubeIDE/plugins/com.st.stm32cube.ide.mcu.externaltools.gnu-tools-for-stm32.13.3.rel1.win32_1.0.0.202411081344/tools/bin/../lib/gcc/arm-none-eabi/13.3.1/../../../../arm-none-eabi/lib/thumb/v6-m/nofp\libc_nano.a(libc_a-nano-vfprintf.o)
                0x08004d04                _vfprintf_r
                0x08004d04                _vfiprintf_r
 .text._printf_common
                0x08004f3c       0xde C:/ST/STM32CubeIDE_1.19.0/STM32CubeIDE/plugins/com.st.stm32cube.ide.mcu.externaltools.gnu-tools-for-stm32.13.3.rel1.win32_1.0.0.202411081344/tools/bin/../lib/gcc/arm-none-eabi/13.3.1/../../../../arm-none-eabi/lib/thumb/v6-m/nofp\libc_nano.a(libc_a-nano-vfprintf_i.o)
                0x08004f3c                _printf_common
 *fill*         0x0800501a        0x2 
 .text._printf_i
                0x0800501c      0x218 C:/ST/STM32CubeIDE_1.19.0/STM32CubeIDE/plugins/com.st.stm32cube.ide.mcu.externaltools.gnu-tools-for-stm32.13.3.rel1.win32_1.0.0.202411081344/tools/bin/../lib/gcc/arm-none-eabi/13.3.1/../../../../arm-none-eabi/lib/thumb/v6-m/nofp\libc_nano.a(libc_a-nano-vfprintf_i.o)
                0x0800501c                _printf_i
 .text.__sflush_r
                0x08005234      0x10c C:/ST/STM32CubeIDE_1.19.0/STM32CubeIDE/plugins/com.st.stm32cube.ide.mcu.externaltools.gnu-tools-for-stm32.13.3.rel1.win32_1.0.0.202411081344/tools/bin/../lib/gcc/arm-none-eabi/13.3.1/../../../../arm-none-eabi/lib/thumb/v6-m/nofp\libc_nano.a(libc_a-fflush.o)
                0x08005234                __sflush_r
 .text._fflush_r
                0x08005340       0x56 C:/ST/STM32CubeIDE_1.19.0/STM32CubeIDE/plugins/com.st.stm32cube.ide.mcu.externaltools.gnu-tools-for-stm32.13.3.rel1.win32_1.0.0.202411081344/tools/bin/../lib/gcc/arm-none-eabi/13.3.1/../../../../arm-none-eabi/lib/thumb/v6-m/nofp\libc_nano.a(libc_a-fflush.o)
                0x08005340                _fflush_r
 .text.__swbuf_r
                0x08005396       0x84 C:/ST/STM32CubeIDE_1.19.0/STM32CubeIDE/plugins/com.st.stm32cube.ide.mcu.externaltools.gnu-tools-for-stm32.13.3.rel1.win32_1.0.0.202411081344/tools/bin/../lib/gcc/arm-none-eabi/13.3.1/../../../../arm-none-eabi/lib/thumb/v6-m/nofp\libc_nano.a(libc_a-wbuf.o)
                0x08005396                __swbuf_r
 *fill*         0x0800541a        0x2 
 .text.__swsetup_r
                0x0800541c       0xbc C:/ST/STM32CubeIDE_1.19.0/STM32CubeIDE/plugins/com.st.stm32cube.ide.mcu.externaltools.gnu-tools-for-stm32.13.3.rel1.win32_1.0.0.202411081344/tools/bin/../lib/gcc/arm-none-eabi/13.3.1/../../../../arm-none-eabi/lib/thumb/v6-m/nofp\libc_nano.a(libc_a-wsetup.o)
                0x0800541c                __swsetup_r
 .text._sbrk_r  0x080054d8       0x24 C:/ST/STM32CubeIDE_1.19.0/STM32CubeIDE/plugins/com.st.stm32cube.ide.mcu.externaltools.gnu-tools-for-stm32.13.3.rel1.win32_1.0.0.202411081344/tools/bin/../lib/gcc/arm-none-eabi/13.3.1/../../../../arm-none-eabi/lib/thumb/v6-m/nofp\libc_nano.a(libc_a-sbrkr.o)
                0x080054d8                _sbrk_r
 .text.memchr   0x080054fc       0x16 C:/ST/STM32CubeIDE_1.19.0/STM32CubeIDE/plugins/com.st.stm32cube.ide.mcu.externaltools.gnu-tools-for-stm32.13.3.rel1.win32_1.0.0.202411081344/tools/bin/../lib/gcc/arm-none-eabi/13.3.1/../../../../arm-none-eabi/lib/thumb/v6-m/nofp\libc_nano.a(libc_a-memchr-stub.o)
                0x080054fc                memchr
 *fill*         0x08005512        0x2 
 .text.__swhatbuf_r
                0x08005514       0x54 C:/ST/STM32CubeIDE_1.19.0/STM32CubeIDE/plugins/com.st.stm32cube.ide.mcu.externaltools.gnu-tools-for-stm32.13.3.rel1.win32_1.0.0.202411081344/tools/bin/../lib/gcc/arm-none-eabi/13.3.1/../../../../arm-none-eabi/lib/thumb/v6-m/nofp\libc_nano.a(libc_a-makebuf.o)
                0x08005514                __swhatbuf_r
 .text.__smakebuf_r
                0x08005568       0x82 C:/ST/STM32CubeIDE_1.19.0/STM32CubeIDE/plugins/com.st.stm32cube.ide.mcu.externaltools.gnu-tools-for-stm32.13.3.rel1.win32_1.0.0.202411081344/tools/bin/../lib/gcc/arm-none-eabi/13.3.1/../../../../arm-none-eabi/lib/thumb/v6-m/nofp\libc_nano.a(libc_a-makebuf.o)
                0x08005568                __smakebuf_r
 *fill*         0x080055ea        0x2 
 .text._fstat_r
                0x080055ec       0x24 C:/ST/STM32CubeIDE_1.19.0/STM32CubeIDE/plugins/com.st.stm32cube.ide.mcu.externaltools.gnu-tools-for-stm32.13.3.rel1.win32_1.0.0.202411081344/tools/bin/../lib/gcc/arm-none-eabi/13.3.1/../../../../arm-none-eabi/lib/thumb/v6-m/nofp\libc_nano.a(libc_a-fstatr.o)
                0x080055ec                _fstat_r
 .text._isatty_r
                0x08005610       0x24 C:/ST/STM32CubeIDE_1.19.0/STM32CubeIDE/plugins/com.st.stm32cube.ide.mcu.externaltools.gnu-tools-for-stm32.13.3.rel1.win32_1.0.0.202411081344/tools/bin/../lib/gcc/arm-none-eabi/13.3.1/../../../../arm-none-eabi/lib/thumb/v6-m/nofp\libc_nano.a(libc_a-isattyr.o)
                0x08005610                _isatty_r
 *(.glue_7)
 .glue_7        0x08005634        0x0 linker stubs
 *(.glue_7t)
 .glue_7t       0x08005634        0x0 linker stubs
 *(.eh_frame)
 .eh_frame      0x08005634        0x0 C:/ST/STM32CubeIDE_1.19.0/STM32CubeIDE/plugins/com.st.stm32cube.ide.mcu.externaltools.gnu-tools-for-stm32.13.3.rel1.win32_1.0.0.202411081344/tools/bin/../lib/gcc/arm-none-eabi/13.3.1/thumb/v6-m/nofp/crtbegin.o
 *(.init)
 .init          0x08005634        0x4 C:/ST/STM32CubeIDE_1.19.0/STM32CubeIDE/plugins/com.st.stm32cube.ide.mcu.externaltools.gnu-tools-for-stm32.13.3.rel1.win32_1.0.0.202411081344/tools/bin/../lib/gcc/arm-none-eabi/13.3.1/thumb/v6-m/nofp/crti.o
                0x08005634                _init
 .init          0x08005638        0x8 C:/ST/STM32CubeIDE_1.19.0/STM32CubeIDE/plugins/com.st.stm32cube.ide.mcu.externaltools.gnu-tools-for-stm32.13.3.rel1.win32_1.0.0.202411081344/tools/bin/../lib/gcc/arm-none-eabi/13.3.1/thumb/v6-m/nofp/crtn.o
 *(.fini)
 .fini          0x08005640        0x4 C:/ST/STM32CubeIDE_1.19.0/STM32CubeIDE/plugins/com.st.stm32cube.ide.mcu.externaltools.gnu-tools-for-stm32.13.3.rel1.win32_1.0.0.202411081344/tools/bin/../lib/gcc/arm-none-eabi/13.3.1/thumb/v6-m/nofp/crti.o
                0x08005640                _fini
 .fini          0x08005644        0x8 C:/ST/STM32CubeIDE_1.19.0/STM32CubeIDE/plugins/com.st.stm32cube.ide.mcu.externaltools.gnu-tools-for-stm32.13.3.rel1.win32_1.0.0.202411081344/tools/bin/../lib/gcc/arm-none-eabi/13.3.1/thumb/v6-m/nofp/crtn.o
                0x0800564c                        . = ALIGN (0x4)
                0x0800564c                        _etext = .

.vfp11_veneer   0x0800564c        0x0
 .vfp11_veneer  0x0800564c        0x0 linker stubs

.v4_bx          0x0800564c        0x0
 .v4_bx         0x0800564c        0x0 linker stubs

.iplt           0x0800564c        0x0
 .iplt          0x0800564c        0x0 C:/ST/STM32CubeIDE_1.19.0/STM32CubeIDE/plugins/com.st.stm32cube.ide.mcu.externaltools.gnu-tools-for-stm32.13.3.rel1.win32_1.0.0.202411081344/tools/bin/../lib/gcc/arm-none-eabi/13.3.1/thumb/v6-m/nofp/crtbegin.o

.rodata         0x0800564c       0xe0
                0x0800564c                        . = ALIGN (0x4)
 *(.rodata)
 .rodata        0x0800564c       0x21 ./Application/User/Core/main.o
 *(.rodata*)
 *fill*         0x0800566d        0x3 
 .rodata.AHBPrescTable
                0x08005670       0x40 ./Drivers/CMSIS/system_stm32g0xx.o
                0x08005670                AHBPrescTable
 .rodata.APBPrescTable
                0x080056b0       0x20 ./Drivers/CMSIS/system_stm32g0xx.o
                0x080056b0                APBPrescTable
 .rodata.UARTPrescTable
                0x080056d0       0x18 ./Drivers/STM32G0xx_HAL_Driver/stm32g0xx_hal_uart.o
                0x080056d0                UARTPrescTable
 .rodata.numerator.1
                0x080056e8        0x8 ./Drivers/STM32G0xx_HAL_Driver/stm32g0xx_hal_uart_ex.o
 .rodata.denominator.0
                0x080056f0        0x8 ./Drivers/STM32G0xx_HAL_Driver/stm32g0xx_hal_uart_ex.o
 .rodata._vfprintf_r.str1.1
                0x080056f8       0x33 C:/ST/STM32CubeIDE_1.19.0/STM32CubeIDE/plugins/com.st.stm32cube.ide.mcu.externaltools.gnu-tools-for-stm32.13.3.rel1.win32_1.0.0.202411081344/tools/bin/../lib/gcc/arm-none-eabi/13.3.1/../../../../arm-none-eabi/lib/thumb/v6-m/nofp\libc_nano.a(libc_a-nano-vfprintf.o)
                                 0x11 (size before relaxing)
 .rodata._printf_i.str1.1
                0x0800572b       0x22 C:/ST/STM32CubeIDE_1.19.0/STM32CubeIDE/plugins/com.st.stm32cube.ide.mcu.externaltools.gnu-tools-for-stm32.13.3.rel1.win32_1.0.0.202411081344/tools/bin/../lib/gcc/arm-none-eabi/13.3.1/../../../../arm-none-eabi/lib/thumb/v6-m/nofp\libc_nano.a(libc_a-nano-vfprintf_i.o)
                0x08005750                        . = ALIGN (0x4)
 *fill*         0x0800572b        0x1 

.ARM.extab      0x0800572c        0x0
                0x0800572c                        . = ALIGN (0x4)
 *(.ARM.extab* .gnu.linkonce.armextab.*)
                0x0800572c                        . = ALIGN (0x4)

.ARM            0x0800572c        0x8
                0x0800572c                        . = ALIGN (0x4)
                0x0800572c                        __exidx_start = .
 *(.ARM.exidx*)
 .ARM.exidx     0x0800572c        0x8 C:/ST/STM32CubeIDE_1.19.0/STM32CubeIDE/plugins/com.st.stm32cube.ide.mcu.externaltools.gnu-tools-for-stm32.13.3.rel1.win32_1.0.0.202411081344/tools/bin/../lib/gcc/arm-none-eabi/13.3.1/thumb/v6-m/nofp\libgcc.a(_udivmoddi4.o)
                0x08005734                        __exidx_end = .
                0x08005734                        . = ALIGN (0x4)

.preinit_array  0x08005734        0x0
                0x08005734                        . = ALIGN (0x4)
                0x08005734                        PROVIDE (__preinit_array_start = .)
 *(.preinit_array*)
                0x08005734                        PROVIDE (__preinit_array_end = .)
                0x08005734                        . = ALIGN (0x4)

.init_array     0x08005734        0x4
                0x08005734                        . = ALIGN (0x4)
                0x08005734                        PROVIDE (__init_array_start = .)
 *(SORT_BY_NAME(.init_array.*))
 *(.init_array*)
 .init_array    0x08005734        0x4 C:/ST/STM32CubeIDE_1.19.0/STM32CubeIDE/plugins/com.st.stm32cube.ide.mcu.externaltools.gnu-tools-for-stm32.13.3.rel1.win32_1.0.0.202411081344/tools/bin/../lib/gcc/arm-none-eabi/13.3.1/thumb/v6-m/nofp/crtbegin.o
                0x08005738                        PROVIDE (__init_array_end = .)
                0x08005738                        . = ALIGN (0x4)

.fini_array     0x08005738        0x4
                0x08005738                        . = ALIGN (0x4)
                [!provide]                        PROVIDE (__fini_array_start = .)
 *(SORT_BY_NAME(.fini_array.*))
 *(.fini_array*)
 .fini_array    0x08005738        0x4 C:/ST/STM32CubeIDE_1.19.0/STM32CubeIDE/plugins/com.st.stm32cube.ide.mcu.externaltools.gnu-tools-for-stm32.13.3.rel1.win32_1.0.0.202411081344/tools/bin/../lib/gcc/arm-none-eabi/13.3.1/thumb/v6-m/nofp/crtbegin.o
                [!provide]                        PROVIDE (__fini_array_end = .)
                0x0800573c                        . = ALIGN (0x4)
                0x0800573c                        _sidata = LOADADDR (.data)

.rel.dyn        0x0800573c        0x0
 .rel.iplt      0x0800573c        0x0 C:/ST/STM32CubeIDE_1.19.0/STM32CubeIDE/plugins/com.st.stm32cube.ide.mcu.externaltools.gnu-tools-for-stm32.13.3.rel1.win32_1.0.0.202411081344/tools/bin/../lib/gcc/arm-none-eabi/13.3.1/thumb/v6-m/nofp/crtbegin.o

.data           0x20000000       0x68 load address 0x0800573c
                0x20000000                        . = ALIGN (0x4)
                0x20000000                        _sdata = .
 *(.data)
 *(.data*)
 .data.SystemCoreClock
                0x20000000        0x4 ./Drivers/CMSIS/system_stm32g0xx.o
                0x20000000                SystemCoreClock
 .data.uwTickPrio
                0x20000004        0x4 ./Drivers/STM32G0xx_HAL_Driver/stm32g0xx_hal.o
                0x20000004                uwTickPrio
 .data.uwTickFreq
                0x20000008        0x1 ./Drivers/STM32G0xx_HAL_Driver/stm32g0xx_hal.o
                0x20000008                uwTickFreq
 *fill*         0x20000009        0x3 
 .data.__sglue  0x2000000c        0xc C:/ST/STM32CubeIDE_1.19.0/STM32CubeIDE/plugins/com.st.stm32cube.ide.mcu.externaltools.gnu-tools-for-stm32.13.3.rel1.win32_1.0.0.202411081344/tools/bin/../lib/gcc/arm-none-eabi/13.3.1/../../../../arm-none-eabi/lib/thumb/v6-m/nofp\libc_nano.a(libc_a-findfp.o)
                0x2000000c                __sglue
 .data._impure_ptr
                0x20000018        0x4 C:/ST/STM32CubeIDE_1.19.0/STM32CubeIDE/plugins/com.st.stm32cube.ide.mcu.externaltools.gnu-tools-for-stm32.13.3.rel1.win32_1.0.0.202411081344/tools/bin/../lib/gcc/arm-none-eabi/13.3.1/../../../../arm-none-eabi/lib/thumb/v6-m/nofp\libc_nano.a(libc_a-impure.o)
                0x20000018                _impure_ptr
 .data._impure_data
                0x2000001c       0x4c C:/ST/STM32CubeIDE_1.19.0/STM32CubeIDE/plugins/com.st.stm32cube.ide.mcu.externaltools.gnu-tools-for-stm32.13.3.rel1.win32_1.0.0.202411081344/tools/bin/../lib/gcc/arm-none-eabi/13.3.1/../../../../arm-none-eabi/lib/thumb/v6-m/nofp\libc_nano.a(libc_a-impure.o)
                0x2000001c                _impure_data
 *(.RamFunc)
 *(.RamFunc*)
                0x20000068                        . = ALIGN (0x4)
                0x20000068                        _edata = .

.igot.plt       0x20000068        0x0 load address 0x080057a4
 .igot.plt      0x20000068        0x0 C:/ST/STM32CubeIDE_1.19.0/STM32CubeIDE/plugins/com.st.stm32cube.ide.mcu.externaltools.gnu-tools-for-stm32.13.3.rel1.win32_1.0.0.202411081344/tools/bin/../lib/gcc/arm-none-eabi/13.3.1/thumb/v6-m/nofp/crtbegin.o
                0x20000068                        . = ALIGN (0x4)

.bss            0x20000068      0x2c8 load address 0x080057a4
                0x20000068                        _sbss = .
                0x20000068                        __bss_start__ = _sbss
 *(.bss)
 .bss           0x20000068       0x1c C:/ST/STM32CubeIDE_1.19.0/STM32CubeIDE/plugins/com.st.stm32cube.ide.mcu.externaltools.gnu-tools-for-stm32.13.3.rel1.win32_1.0.0.202411081344/tools/bin/../lib/gcc/arm-none-eabi/13.3.1/thumb/v6-m/nofp/crtbegin.o
 *(.bss*)
 .bss.hadc1     0x20000084       0x64 ./Application/User/Core/adc.o
                0x20000084                hadc1
 .bss.hdma_adc1
                0x200000e8       0x5c ./Application/User/Core/adc.o
                0x200000e8                hdma_adc1
 .bss.u16ADCBuff
                0x20000144        0x4 ./Application/User/Core/main.o
                0x20000144                u16ADCBuff
 .bss.__sbrk_heap_end
                0x20000148        0x4 ./Application/User/Core/sysmem.o
 .bss.huart2    0x2000014c       0x94 ./Application/User/Core/usart.o
                0x2000014c                huart2
 .bss.uwTick    0x200001e0        0x4 ./Drivers/STM32G0xx_HAL_Driver/stm32g0xx_hal.o
                0x200001e0                uwTick
 .bss.__sf      0x200001e4      0x138 C:/ST/STM32CubeIDE_1.19.0/STM32CubeIDE/plugins/com.st.stm32cube.ide.mcu.externaltools.gnu-tools-for-stm32.13.3.rel1.win32_1.0.0.202411081344/tools/bin/../lib/gcc/arm-none-eabi/13.3.1/../../../../arm-none-eabi/lib/thumb/v6-m/nofp\libc_nano.a(libc_a-findfp.o)
                0x200001e4                __sf
 .bss.__stdio_exit_handler
                0x2000031c        0x4 C:/ST/STM32CubeIDE_1.19.0/STM32CubeIDE/plugins/com.st.stm32cube.ide.mcu.externaltools.gnu-tools-for-stm32.13.3.rel1.win32_1.0.0.202411081344/tools/bin/../lib/gcc/arm-none-eabi/13.3.1/../../../../arm-none-eabi/lib/thumb/v6-m/nofp\libc_nano.a(libc_a-findfp.o)
                0x2000031c                __stdio_exit_handler
 .bss.errno     0x20000320        0x4 C:/ST/STM32CubeIDE_1.19.0/STM32CubeIDE/plugins/com.st.stm32cube.ide.mcu.externaltools.gnu-tools-for-stm32.13.3.rel1.win32_1.0.0.202411081344/tools/bin/../lib/gcc/arm-none-eabi/13.3.1/../../../../arm-none-eabi/lib/thumb/v6-m/nofp\libc_nano.a(libc_a-reent.o)
                0x20000320                errno
 .bss.__lock___malloc_recursive_mutex
                0x20000324        0x1 C:/ST/STM32CubeIDE_1.19.0/STM32CubeIDE/plugins/com.st.stm32cube.ide.mcu.externaltools.gnu-tools-for-stm32.13.3.rel1.win32_1.0.0.202411081344/tools/bin/../lib/gcc/arm-none-eabi/13.3.1/../../../../arm-none-eabi/lib/thumb/v6-m/nofp\libc_nano.a(libc_a-lock.o)
                0x20000324                __lock___malloc_recursive_mutex
 .bss.__lock___sfp_recursive_mutex
                0x20000325        0x1 C:/ST/STM32CubeIDE_1.19.0/STM32CubeIDE/plugins/com.st.stm32cube.ide.mcu.externaltools.gnu-tools-for-stm32.13.3.rel1.win32_1.0.0.202411081344/tools/bin/../lib/gcc/arm-none-eabi/13.3.1/../../../../arm-none-eabi/lib/thumb/v6-m/nofp\libc_nano.a(libc_a-lock.o)
                0x20000325                __lock___sfp_recursive_mutex
 *fill*         0x20000326        0x2 
 .bss.__malloc_sbrk_start
                0x20000328        0x4 C:/ST/STM32CubeIDE_1.19.0/STM32CubeIDE/plugins/com.st.stm32cube.ide.mcu.externaltools.gnu-tools-for-stm32.13.3.rel1.win32_1.0.0.202411081344/tools/bin/../lib/gcc/arm-none-eabi/13.3.1/../../../../arm-none-eabi/lib/thumb/v6-m/nofp\libc_nano.a(libc_a-mallocr.o)
                0x20000328                __malloc_sbrk_start
 .bss.__malloc_free_list
                0x2000032c        0x4 C:/ST/STM32CubeIDE_1.19.0/STM32CubeIDE/plugins/com.st.stm32cube.ide.mcu.externaltools.gnu-tools-for-stm32.13.3.rel1.win32_1.0.0.202411081344/tools/bin/../lib/gcc/arm-none-eabi/13.3.1/../../../../arm-none-eabi/lib/thumb/v6-m/nofp\libc_nano.a(libc_a-mallocr.o)
                0x2000032c                __malloc_free_list
 *(COMMON)
                0x20000330                        . = ALIGN (0x4)
                0x20000330                        _ebss = .
                0x20000330                        __bss_end__ = _ebss

._user_heap_stack
                0x20000330      0x600 load address 0x080057a4
                0x20000330                        . = ALIGN (0x8)
                [!provide]                        PROVIDE (end = .)
                0x20000330                        PROVIDE (_end = .)
                0x20000530                        . = (. + _Min_Heap_Size)
 *fill*         0x20000330      0x200 
                0x20000930                        . = (. + _Min_Stack_Size)
 *fill*         0x20000530      0x400 
                0x20000930                        . = ALIGN (0x8)

/DISCARD/
 libc.a(*)
 libm.a(*)
 libgcc.a(*)

.ARM.attributes
                0x00000000       0x28
 *(.ARM.attributes)
 .ARM.attributes
                0x00000000       0x1e C:/ST/STM32CubeIDE_1.19.0/STM32CubeIDE/plugins/com.st.stm32cube.ide.mcu.externaltools.gnu-tools-for-stm32.13.3.rel1.win32_1.0.0.202411081344/tools/bin/../lib/gcc/arm-none-eabi/13.3.1/thumb/v6-m/nofp/crti.o
 .ARM.attributes
                0x0000001e       0x2c C:/ST/STM32CubeIDE_1.19.0/STM32CubeIDE/plugins/com.st.stm32cube.ide.mcu.externaltools.gnu-tools-for-stm32.13.3.rel1.win32_1.0.0.202411081344/tools/bin/../lib/gcc/arm-none-eabi/13.3.1/thumb/v6-m/nofp/crtbegin.o
 .ARM.attributes
                0x0000004a       0x2c ./Application/User/Core/adc.o
 .ARM.attributes
                0x00000076       0x2c ./Application/User/Core/dma.o
 .ARM.attributes
                0x000000a2       0x2c ./Application/User/Core/gpio.o
 .ARM.attributes
                0x000000ce       0x2c ./Application/User/Core/main.o
 .ARM.attributes
                0x000000fa       0x2c ./Application/User/Core/stm32g0xx_hal_msp.o
 .ARM.attributes
                0x00000126       0x2c ./Application/User/Core/stm32g0xx_it.o
 .ARM.attributes
                0x00000152       0x2c ./Application/User/Core/syscalls.o
 .ARM.attributes
                0x0000017e       0x2c ./Application/User/Core/sysmem.o
 .ARM.attributes
                0x000001aa       0x2c ./Application/User/Core/usart.o
 .ARM.attributes
                0x000001d6       0x22 ./Application/User/Startup/startup_stm32g071rbtx.o
 .ARM.attributes
                0x000001f8       0x2c ./Drivers/CMSIS/system_stm32g0xx.o
 .ARM.attributes
                0x00000224       0x2c ./Drivers/STM32G0xx_HAL_Driver/stm32g0xx_hal.o
 .ARM.attributes
                0x00000250       0x2c ./Drivers/STM32G0xx_HAL_Driver/stm32g0xx_hal_adc.o
 .ARM.attributes
                0x0000027c       0x2c ./Drivers/STM32G0xx_HAL_Driver/stm32g0xx_hal_adc_ex.o
 .ARM.attributes
                0x000002a8       0x2c ./Drivers/STM32G0xx_HAL_Driver/stm32g0xx_hal_cortex.o
 .ARM.attributes
                0x000002d4       0x2c ./Drivers/STM32G0xx_HAL_Driver/stm32g0xx_hal_dma.o
 .ARM.attributes
                0x00000300       0x2c ./Drivers/STM32G0xx_HAL_Driver/stm32g0xx_hal_gpio.o
 .ARM.attributes
                0x0000032c       0x2c ./Drivers/STM32G0xx_HAL_Driver/stm32g0xx_hal_pwr_ex.o
 .ARM.attributes
                0x00000358       0x2c ./Drivers/STM32G0xx_HAL_Driver/stm32g0xx_hal_rcc.o
 .ARM.attributes
                0x00000384       0x2c ./Drivers/STM32G0xx_HAL_Driver/stm32g0xx_hal_rcc_ex.o
 .ARM.attributes
                0x000003b0       0x2c ./Drivers/STM32G0xx_HAL_Driver/stm32g0xx_hal_uart.o
 .ARM.attributes
                0x000003dc       0x2c ./Drivers/STM32G0xx_HAL_Driver/stm32g0xx_hal_uart_ex.o
 .ARM.attributes
                0x00000408       0x2c C:/ST/STM32CubeIDE_1.19.0/STM32CubeIDE/plugins/com.st.stm32cube.ide.mcu.externaltools.gnu-tools-for-stm32.13.3.rel1.win32_1.0.0.202411081344/tools/bin/../lib/gcc/arm-none-eabi/13.3.1/../../../../arm-none-eabi/lib/thumb/v6-m/nofp\libc_nano.a(libc_a-findfp.o)
 .ARM.attributes
                0x00000434       0x2c C:/ST/STM32CubeIDE_1.19.0/STM32CubeIDE/plugins/com.st.stm32cube.ide.mcu.externaltools.gnu-tools-for-stm32.13.3.rel1.win32_1.0.0.202411081344/tools/bin/../lib/gcc/arm-none-eabi/13.3.1/../../../../arm-none-eabi/lib/thumb/v6-m/nofp\libc_nano.a(libc_a-fwalk.o)
 .ARM.attributes
                0x00000460       0x2c C:/ST/STM32CubeIDE_1.19.0/STM32CubeIDE/plugins/com.st.stm32cube.ide.mcu.externaltools.gnu-tools-for-stm32.13.3.rel1.win32_1.0.0.202411081344/tools/bin/../lib/gcc/arm-none-eabi/13.3.1/../../../../arm-none-eabi/lib/thumb/v6-m/nofp\libc_nano.a(libc_a-printf.o)
 .ARM.attributes
                0x0000048c       0x2c C:/ST/STM32CubeIDE_1.19.0/STM32CubeIDE/plugins/com.st.stm32cube.ide.mcu.externaltools.gnu-tools-for-stm32.13.3.rel1.win32_1.0.0.202411081344/tools/bin/../lib/gcc/arm-none-eabi/13.3.1/../../../../arm-none-eabi/lib/thumb/v6-m/nofp\libc_nano.a(libc_a-stdio.o)
 .ARM.attributes
                0x000004b8       0x2c C:/ST/STM32CubeIDE_1.19.0/STM32CubeIDE/plugins/com.st.stm32cube.ide.mcu.externaltools.gnu-tools-for-stm32.13.3.rel1.win32_1.0.0.202411081344/tools/bin/../lib/gcc/arm-none-eabi/13.3.1/../../../../arm-none-eabi/lib/thumb/v6-m/nofp\libc_nano.a(libc_a-memset.o)
 .ARM.attributes
                0x000004e4       0x2c C:/ST/STM32CubeIDE_1.19.0/STM32CubeIDE/plugins/com.st.stm32cube.ide.mcu.externaltools.gnu-tools-for-stm32.13.3.rel1.win32_1.0.0.202411081344/tools/bin/../lib/gcc/arm-none-eabi/13.3.1/../../../../arm-none-eabi/lib/thumb/v6-m/nofp\libc_nano.a(libc_a-closer.o)
 .ARM.attributes
                0x00000510       0x2c C:/ST/STM32CubeIDE_1.19.0/STM32CubeIDE/plugins/com.st.stm32cube.ide.mcu.externaltools.gnu-tools-for-stm32.13.3.rel1.win32_1.0.0.202411081344/tools/bin/../lib/gcc/arm-none-eabi/13.3.1/../../../../arm-none-eabi/lib/thumb/v6-m/nofp\libc_nano.a(libc_a-reent.o)
 .ARM.attributes
                0x0000053c       0x2c C:/ST/STM32CubeIDE_1.19.0/STM32CubeIDE/plugins/com.st.stm32cube.ide.mcu.externaltools.gnu-tools-for-stm32.13.3.rel1.win32_1.0.0.202411081344/tools/bin/../lib/gcc/arm-none-eabi/13.3.1/../../../../arm-none-eabi/lib/thumb/v6-m/nofp\libc_nano.a(libc_a-impure.o)
 .ARM.attributes
                0x00000568       0x2c C:/ST/STM32CubeIDE_1.19.0/STM32CubeIDE/plugins/com.st.stm32cube.ide.mcu.externaltools.gnu-tools-for-stm32.13.3.rel1.win32_1.0.0.202411081344/tools/bin/../lib/gcc/arm-none-eabi/13.3.1/../../../../arm-none-eabi/lib/thumb/v6-m/nofp\libc_nano.a(libc_a-lseekr.o)
 .ARM.attributes
                0x00000594       0x2c C:/ST/STM32CubeIDE_1.19.0/STM32CubeIDE/plugins/com.st.stm32cube.ide.mcu.externaltools.gnu-tools-for-stm32.13.3.rel1.win32_1.0.0.202411081344/tools/bin/../lib/gcc/arm-none-eabi/13.3.1/../../../../arm-none-eabi/lib/thumb/v6-m/nofp\libc_nano.a(libc_a-readr.o)
 .ARM.attributes
                0x000005c0       0x2c C:/ST/STM32CubeIDE_1.19.0/STM32CubeIDE/plugins/com.st.stm32cube.ide.mcu.externaltools.gnu-tools-for-stm32.13.3.rel1.win32_1.0.0.202411081344/tools/bin/../lib/gcc/arm-none-eabi/13.3.1/../../../../arm-none-eabi/lib/thumb/v6-m/nofp\libc_nano.a(libc_a-writer.o)
 .ARM.attributes
                0x000005ec       0x2c C:/ST/STM32CubeIDE_1.19.0/STM32CubeIDE/plugins/com.st.stm32cube.ide.mcu.externaltools.gnu-tools-for-stm32.13.3.rel1.win32_1.0.0.202411081344/tools/bin/../lib/gcc/arm-none-eabi/13.3.1/../../../../arm-none-eabi/lib/thumb/v6-m/nofp\libc_nano.a(libc_a-errno.o)
 .ARM.attributes
                0x00000618       0x2c C:/ST/STM32CubeIDE_1.19.0/STM32CubeIDE/plugins/com.st.stm32cube.ide.mcu.externaltools.gnu-tools-for-stm32.13.3.rel1.win32_1.0.0.202411081344/tools/bin/../lib/gcc/arm-none-eabi/13.3.1/../../../../arm-none-eabi/lib/thumb/v6-m/nofp\libc_nano.a(libc_a-init.o)
 .ARM.attributes
                0x00000644       0x2c C:/ST/STM32CubeIDE_1.19.0/STM32CubeIDE/plugins/com.st.stm32cube.ide.mcu.externaltools.gnu-tools-for-stm32.13.3.rel1.win32_1.0.0.202411081344/tools/bin/../lib/gcc/arm-none-eabi/13.3.1/../../../../arm-none-eabi/lib/thumb/v6-m/nofp\libc_nano.a(libc_a-lock.o)
 .ARM.attributes
                0x00000670       0x2c C:/ST/STM32CubeIDE_1.19.0/STM32CubeIDE/plugins/com.st.stm32cube.ide.mcu.externaltools.gnu-tools-for-stm32.13.3.rel1.win32_1.0.0.202411081344/tools/bin/../lib/gcc/arm-none-eabi/13.3.1/../../../../arm-none-eabi/lib/thumb/v6-m/nofp\libc_nano.a(libc_a-freer.o)
 .ARM.attributes
                0x0000069c       0x2c C:/ST/STM32CubeIDE_1.19.0/STM32CubeIDE/plugins/com.st.stm32cube.ide.mcu.externaltools.gnu-tools-for-stm32.13.3.rel1.win32_1.0.0.202411081344/tools/bin/../lib/gcc/arm-none-eabi/13.3.1/../../../../arm-none-eabi/lib/thumb/v6-m/nofp\libc_nano.a(libc_a-mallocr.o)
 .ARM.attributes
                0x000006c8       0x2c C:/ST/STM32CubeIDE_1.19.0/STM32CubeIDE/plugins/com.st.stm32cube.ide.mcu.externaltools.gnu-tools-for-stm32.13.3.rel1.win32_1.0.0.202411081344/tools/bin/../lib/gcc/arm-none-eabi/13.3.1/../../../../arm-none-eabi/lib/thumb/v6-m/nofp\libc_nano.a(libc_a-mlock.o)
 .ARM.attributes
                0x000006f4       0x2c C:/ST/STM32CubeIDE_1.19.0/STM32CubeIDE/plugins/com.st.stm32cube.ide.mcu.externaltools.gnu-tools-for-stm32.13.3.rel1.win32_1.0.0.202411081344/tools/bin/../lib/gcc/arm-none-eabi/13.3.1/../../../../arm-none-eabi/lib/thumb/v6-m/nofp\libc_nano.a(libc_a-nano-vfprintf.o)
 .ARM.attributes
                0x00000720       0x2c C:/ST/STM32CubeIDE_1.19.0/STM32CubeIDE/plugins/com.st.stm32cube.ide.mcu.externaltools.gnu-tools-for-stm32.13.3.rel1.win32_1.0.0.202411081344/tools/bin/../lib/gcc/arm-none-eabi/13.3.1/../../../../arm-none-eabi/lib/thumb/v6-m/nofp\libc_nano.a(libc_a-nano-vfprintf_i.o)
 .ARM.attributes
                0x0000074c       0x2c C:/ST/STM32CubeIDE_1.19.0/STM32CubeIDE/plugins/com.st.stm32cube.ide.mcu.externaltools.gnu-tools-for-stm32.13.3.rel1.win32_1.0.0.202411081344/tools/bin/../lib/gcc/arm-none-eabi/13.3.1/../../../../arm-none-eabi/lib/thumb/v6-m/nofp\libc_nano.a(libc_a-fflush.o)
 .ARM.attributes
                0x00000778       0x2c C:/ST/STM32CubeIDE_1.19.0/STM32CubeIDE/plugins/com.st.stm32cube.ide.mcu.externaltools.gnu-tools-for-stm32.13.3.rel1.win32_1.0.0.202411081344/tools/bin/../lib/gcc/arm-none-eabi/13.3.1/../../../../arm-none-eabi/lib/thumb/v6-m/nofp\libc_nano.a(libc_a-wbuf.o)
 .ARM.attributes
                0x000007a4       0x2c C:/ST/STM32CubeIDE_1.19.0/STM32CubeIDE/plugins/com.st.stm32cube.ide.mcu.externaltools.gnu-tools-for-stm32.13.3.rel1.win32_1.0.0.202411081344/tools/bin/../lib/gcc/arm-none-eabi/13.3.1/../../../../arm-none-eabi/lib/thumb/v6-m/nofp\libc_nano.a(libc_a-wsetup.o)
 .ARM.attributes
                0x000007d0       0x2c C:/ST/STM32CubeIDE_1.19.0/STM32CubeIDE/plugins/com.st.stm32cube.ide.mcu.externaltools.gnu-tools-for-stm32.13.3.rel1.win32_1.0.0.202411081344/tools/bin/../lib/gcc/arm-none-eabi/13.3.1/../../../../arm-none-eabi/lib/thumb/v6-m/nofp\libc_nano.a(libc_a-sbrkr.o)
 .ARM.attributes
                0x000007fc       0x2c C:/ST/STM32CubeIDE_1.19.0/STM32CubeIDE/plugins/com.st.stm32cube.ide.mcu.externaltools.gnu-tools-for-stm32.13.3.rel1.win32_1.0.0.202411081344/tools/bin/../lib/gcc/arm-none-eabi/13.3.1/../../../../arm-none-eabi/lib/thumb/v6-m/nofp\libc_nano.a(libc_a-memchr-stub.o)
 .ARM.attributes
                0x00000828       0x2c C:/ST/STM32CubeIDE_1.19.0/STM32CubeIDE/plugins/com.st.stm32cube.ide.mcu.externaltools.gnu-tools-for-stm32.13.3.rel1.win32_1.0.0.202411081344/tools/bin/../lib/gcc/arm-none-eabi/13.3.1/../../../../arm-none-eabi/lib/thumb/v6-m/nofp\libc_nano.a(libc_a-makebuf.o)
 .ARM.attributes
                0x00000854       0x2c C:/ST/STM32CubeIDE_1.19.0/STM32CubeIDE/plugins/com.st.stm32cube.ide.mcu.externaltools.gnu-tools-for-stm32.13.3.rel1.win32_1.0.0.202411081344/tools/bin/../lib/gcc/arm-none-eabi/13.3.1/../../../../arm-none-eabi/lib/thumb/v6-m/nofp\libc_nano.a(libc_a-fstatr.o)
 .ARM.attributes
                0x00000880       0x2c C:/ST/STM32CubeIDE_1.19.0/STM32CubeIDE/plugins/com.st.stm32cube.ide.mcu.externaltools.gnu-tools-for-stm32.13.3.rel1.win32_1.0.0.202411081344/tools/bin/../lib/gcc/arm-none-eabi/13.3.1/../../../../arm-none-eabi/lib/thumb/v6-m/nofp\libc_nano.a(libc_a-isattyr.o)
 .ARM.attributes
                0x000008ac       0x1e C:/ST/STM32CubeIDE_1.19.0/STM32CubeIDE/plugins/com.st.stm32cube.ide.mcu.externaltools.gnu-tools-for-stm32.13.3.rel1.win32_1.0.0.202411081344/tools/bin/../lib/gcc/arm-none-eabi/13.3.1/thumb/v6-m/nofp\libgcc.a(_thumb1_case_shi.o)
 .ARM.attributes
                0x000008ca       0x1e C:/ST/STM32CubeIDE_1.19.0/STM32CubeIDE/plugins/com.st.stm32cube.ide.mcu.externaltools.gnu-tools-for-stm32.13.3.rel1.win32_1.0.0.202411081344/tools/bin/../lib/gcc/arm-none-eabi/13.3.1/thumb/v6-m/nofp\libgcc.a(_udivsi3.o)
 .ARM.attributes
                0x000008e8       0x1e C:/ST/STM32CubeIDE_1.19.0/STM32CubeIDE/plugins/com.st.stm32cube.ide.mcu.externaltools.gnu-tools-for-stm32.13.3.rel1.win32_1.0.0.202411081344/tools/bin/../lib/gcc/arm-none-eabi/13.3.1/thumb/v6-m/nofp\libgcc.a(_divsi3.o)
 .ARM.attributes
                0x00000906       0x1e C:/ST/STM32CubeIDE_1.19.0/STM32CubeIDE/plugins/com.st.stm32cube.ide.mcu.externaltools.gnu-tools-for-stm32.13.3.rel1.win32_1.0.0.202411081344/tools/bin/../lib/gcc/arm-none-eabi/13.3.1/thumb/v6-m/nofp\libgcc.a(_dvmd_tls.o)
 .ARM.attributes
                0x00000924       0x1e C:/ST/STM32CubeIDE_1.19.0/STM32CubeIDE/plugins/com.st.stm32cube.ide.mcu.externaltools.gnu-tools-for-stm32.13.3.rel1.win32_1.0.0.202411081344/tools/bin/../lib/gcc/arm-none-eabi/13.3.1/thumb/v6-m/nofp\libgcc.a(_aeabi_uldivmod.o)
 .ARM.attributes
                0x00000942       0x2c C:/ST/STM32CubeIDE_1.19.0/STM32CubeIDE/plugins/com.st.stm32cube.ide.mcu.externaltools.gnu-tools-for-stm32.13.3.rel1.win32_1.0.0.202411081344/tools/bin/../lib/gcc/arm-none-eabi/13.3.1/thumb/v6-m/nofp\libgcc.a(_udivmoddi4.o)
 .ARM.attributes
                0x0000096e       0x1e C:/ST/STM32CubeIDE_1.19.0/STM32CubeIDE/plugins/com.st.stm32cube.ide.mcu.externaltools.gnu-tools-for-stm32.13.3.rel1.win32_1.0.0.202411081344/tools/bin/../lib/gcc/arm-none-eabi/13.3.1/thumb/v6-m/nofp\libgcc.a(_clzdi2.o)
 .ARM.attributes
                0x0000098c       0x1e C:/ST/STM32CubeIDE_1.19.0/STM32CubeIDE/plugins/com.st.stm32cube.ide.mcu.externaltools.gnu-tools-for-stm32.13.3.rel1.win32_1.0.0.202411081344/tools/bin/../lib/gcc/arm-none-eabi/13.3.1/thumb/v6-m/nofp\libgcc.a(_clzsi2.o)
 .ARM.attributes
                0x000009aa       0x1e C:/ST/STM32CubeIDE_1.19.0/STM32CubeIDE/plugins/com.st.stm32cube.ide.mcu.externaltools.gnu-tools-for-stm32.13.3.rel1.win32_1.0.0.202411081344/tools/bin/../lib/gcc/arm-none-eabi/13.3.1/thumb/v6-m/nofp/crtn.o
OUTPUT(EP9.elf elf32-littlearm)
LOAD linker stubs
LOAD C:/ST/STM32CubeIDE_1.19.0/STM32CubeIDE/plugins/com.st.stm32cube.ide.mcu.externaltools.gnu-tools-for-stm32.13.3.rel1.win32_1.0.0.202411081344/tools/bin/../lib/gcc/arm-none-eabi/13.3.1/../../../../arm-none-eabi/lib/thumb/v6-m/nofp\libc.a
LOAD C:/ST/STM32CubeIDE_1.19.0/STM32CubeIDE/plugins/com.st.stm32cube.ide.mcu.externaltools.gnu-tools-for-stm32.13.3.rel1.win32_1.0.0.202411081344/tools/bin/../lib/gcc/arm-none-eabi/13.3.1/../../../../arm-none-eabi/lib/thumb/v6-m/nofp\libm.a
LOAD C:/ST/STM32CubeIDE_1.19.0/STM32CubeIDE/plugins/com.st.stm32cube.ide.mcu.externaltools.gnu-tools-for-stm32.13.3.rel1.win32_1.0.0.202411081344/tools/bin/../lib/gcc/arm-none-eabi/13.3.1/thumb/v6-m/nofp\libgcc.a

.debug_info     0x00000000     0xf473
 .debug_info    0x00000000      0xb85 ./Application/User/Core/adc.o
 .debug_info    0x00000b85      0x365 ./Application/User/Core/dma.o
 .debug_info    0x00000eea      0x3bd ./Application/User/Core/gpio.o
 .debug_info    0x000012a7      0xf44 ./Application/User/Core/main.o
 .debug_info    0x000021eb      0x265 ./Application/User/Core/stm32g0xx_hal_msp.o
 .debug_info    0x00002450      0x444 ./Application/User/Core/stm32g0xx_it.o
 .debug_info    0x00002894      0x6a3 ./Application/User/Core/syscalls.o
 .debug_info    0x00002f37      0x168 ./Application/User/Core/sysmem.o
 .debug_info    0x0000309f      0xc4a ./Application/User/Core/usart.o
 .debug_info    0x00003ce9       0x30 ./Application/User/Startup/startup_stm32g071rbtx.o
 .debug_info    0x00003d19      0x316 ./Drivers/CMSIS/system_stm32g0xx.o
 .debug_info    0x0000402f      0xa34 ./Drivers/STM32G0xx_HAL_Driver/stm32g0xx_hal.o
 .debug_info    0x00004a63     0x1581 ./Drivers/STM32G0xx_HAL_Driver/stm32g0xx_hal_adc.o
 .debug_info    0x00005fe4      0xb40 ./Drivers/STM32G0xx_HAL_Driver/stm32g0xx_hal_adc_ex.o
 .debug_info    0x00006b24      0x8d9 ./Drivers/STM32G0xx_HAL_Driver/stm32g0xx_hal_cortex.o
 .debug_info    0x000073fd      0x860 ./Drivers/STM32G0xx_HAL_Driver/stm32g0xx_hal_dma.o
 .debug_info    0x00007c5d      0x5b9 ./Drivers/STM32G0xx_HAL_Driver/stm32g0xx_hal_gpio.o
 .debug_info    0x00008216      0x7c1 ./Drivers/STM32G0xx_HAL_Driver/stm32g0xx_hal_pwr_ex.o
 .debug_info    0x000089d7      0xb1b ./Drivers/STM32G0xx_HAL_Driver/stm32g0xx_hal_rcc.o
 .debug_info    0x000094f2      0x77f ./Drivers/STM32G0xx_HAL_Driver/stm32g0xx_hal_rcc_ex.o
 .debug_info    0x00009c71     0x4859 ./Drivers/STM32G0xx_HAL_Driver/stm32g0xx_hal_uart.o
 .debug_info    0x0000e4ca      0xfa9 ./Drivers/STM32G0xx_HAL_Driver/stm32g0xx_hal_uart_ex.o

.debug_abbrev   0x00000000     0x2a41
 .debug_abbrev  0x00000000      0x203 ./Application/User/Core/adc.o
 .debug_abbrev  0x00000203      0x115 ./Application/User/Core/dma.o
 .debug_abbrev  0x00000318      0x14d ./Application/User/Core/gpio.o
 .debug_abbrev  0x00000465      0x280 ./Application/User/Core/main.o
 .debug_abbrev  0x000006e5       0xdd ./Application/User/Core/stm32g0xx_hal_msp.o
 .debug_abbrev  0x000007c2      0x1a8 ./Application/User/Core/stm32g0xx_it.o
 .debug_abbrev  0x0000096a      0x1b6 ./Application/User/Core/syscalls.o
 .debug_abbrev  0x00000b20       0xbc ./Application/User/Core/sysmem.o
 .debug_abbrev  0x00000bdc      0x20d ./Application/User/Core/usart.o
 .debug_abbrev  0x00000de9       0x24 ./Application/User/Startup/startup_stm32g071rbtx.o
 .debug_abbrev  0x00000e0d      0x119 ./Drivers/CMSIS/system_stm32g0xx.o
 .debug_abbrev  0x00000f26      0x2b2 ./Drivers/STM32G0xx_HAL_Driver/stm32g0xx_hal.o
 .debug_abbrev  0x000011d8      0x277 ./Drivers/STM32G0xx_HAL_Driver/stm32g0xx_hal_adc.o
 .debug_abbrev  0x0000144f      0x243 ./Drivers/STM32G0xx_HAL_Driver/stm32g0xx_hal_adc_ex.o
 .debug_abbrev  0x00001692      0x2ab ./Drivers/STM32G0xx_HAL_Driver/stm32g0xx_hal_cortex.o
 .debug_abbrev  0x0000193d      0x22b ./Drivers/STM32G0xx_HAL_Driver/stm32g0xx_hal_dma.o
 .debug_abbrev  0x00001b68      0x1c8 ./Drivers/STM32G0xx_HAL_Driver/stm32g0xx_hal_gpio.o
 .debug_abbrev  0x00001d30      0x238 ./Drivers/STM32G0xx_HAL_Driver/stm32g0xx_hal_pwr_ex.o
 .debug_abbrev  0x00001f68      0x2aa ./Drivers/STM32G0xx_HAL_Driver/stm32g0xx_hal_rcc.o
 .debug_abbrev  0x00002212      0x229 ./Drivers/STM32G0xx_HAL_Driver/stm32g0xx_hal_rcc_ex.o
 .debug_abbrev  0x0000243b      0x322 ./Drivers/STM32G0xx_HAL_Driver/stm32g0xx_hal_uart.o
 .debug_abbrev  0x0000275d      0x2e4 ./Drivers/STM32G0xx_HAL_Driver/stm32g0xx_hal_uart_ex.o

.debug_aranges  0x00000000      0xcb8
 .debug_aranges
                0x00000000       0x30 ./Application/User/Core/adc.o
 .debug_aranges
                0x00000030       0x20 ./Application/User/Core/dma.o
 .debug_aranges
                0x00000050       0x20 ./Application/User/Core/gpio.o
 .debug_aranges
                0x00000070       0x40 ./Application/User/Core/main.o
 .debug_aranges
                0x000000b0       0x20 ./Application/User/Core/stm32g0xx_hal_msp.o
 .debug_aranges
                0x000000d0       0x48 ./Application/User/Core/stm32g0xx_it.o
 .debug_aranges
                0x00000118       0xa8 ./Application/User/Core/syscalls.o
 .debug_aranges
                0x000001c0       0x20 ./Application/User/Core/sysmem.o
 .debug_aranges
                0x000001e0       0x30 ./Application/User/Core/usart.o
 .debug_aranges
                0x00000210       0x28 ./Application/User/Startup/startup_stm32g071rbtx.o
 .debug_aranges
                0x00000238       0x28 ./Drivers/CMSIS/system_stm32g0xx.o
 .debug_aranges
                0x00000260      0x120 ./Drivers/STM32G0xx_HAL_Driver/stm32g0xx_hal.o
 .debug_aranges
                0x00000380      0x1f0 ./Drivers/STM32G0xx_HAL_Driver/stm32g0xx_hal_adc.o
 .debug_aranges
                0x00000570       0xb0 ./Drivers/STM32G0xx_HAL_Driver/stm32g0xx_hal_adc_ex.o
 .debug_aranges
                0x00000620       0xe8 ./Drivers/STM32G0xx_HAL_Driver/stm32g0xx_hal_cortex.o
 .debug_aranges
                0x00000708       0x90 ./Drivers/STM32G0xx_HAL_Driver/stm32g0xx_hal_dma.o
 .debug_aranges
                0x00000798       0x60 ./Drivers/STM32G0xx_HAL_Driver/stm32g0xx_hal_gpio.o
 .debug_aranges
                0x000007f8       0xf0 ./Drivers/STM32G0xx_HAL_Driver/stm32g0xx_hal_pwr_ex.o
 .debug_aranges
                0x000008e8       0xa0 ./Drivers/STM32G0xx_HAL_Driver/stm32g0xx_hal_rcc.o
 .debug_aranges
                0x00000988       0x40 ./Drivers/STM32G0xx_HAL_Driver/stm32g0xx_hal_rcc_ex.o
 .debug_aranges
                0x000009c8      0x248 ./Drivers/STM32G0xx_HAL_Driver/stm32g0xx_hal_uart.o
 .debug_aranges
                0x00000c10       0xa8 ./Drivers/STM32G0xx_HAL_Driver/stm32g0xx_hal_uart_ex.o

.debug_rnglists
                0x00000000      0x9a6
 .debug_rnglists
                0x00000000       0x21 ./Application/User/Core/adc.o
 .debug_rnglists
                0x00000021       0x13 ./Application/User/Core/dma.o
 .debug_rnglists
                0x00000034       0x13 ./Application/User/Core/gpio.o
 .debug_rnglists
                0x00000047       0x2d ./Application/User/Core/main.o
 .debug_rnglists
                0x00000074       0x13 ./Application/User/Core/stm32g0xx_hal_msp.o
 .debug_rnglists
                0x00000087       0x31 ./Application/User/Core/stm32g0xx_it.o
 .debug_rnglists
                0x000000b8       0x79 ./Application/User/Core/syscalls.o
 .debug_rnglists
                0x00000131       0x13 ./Application/User/Core/sysmem.o
 .debug_rnglists
                0x00000144       0x21 ./Application/User/Core/usart.o
 .debug_rnglists
                0x00000165       0x19 ./Application/User/Startup/startup_stm32g071rbtx.o
 .debug_rnglists
                0x0000017e       0x1a ./Drivers/CMSIS/system_stm32g0xx.o
 .debug_rnglists
                0x00000198       0xd4 ./Drivers/STM32G0xx_HAL_Driver/stm32g0xx_hal.o
 .debug_rnglists
                0x0000026c      0x17f ./Drivers/STM32G0xx_HAL_Driver/stm32g0xx_hal_adc.o
 .debug_rnglists
                0x000003eb       0x81 ./Drivers/STM32G0xx_HAL_Driver/stm32g0xx_hal_adc_ex.o
 .debug_rnglists
                0x0000046c       0xaa ./Drivers/STM32G0xx_HAL_Driver/stm32g0xx_hal_cortex.o
 .debug_rnglists
                0x00000516       0x72 ./Drivers/STM32G0xx_HAL_Driver/stm32g0xx_hal_dma.o
 .debug_rnglists
                0x00000588       0x45 ./Drivers/STM32G0xx_HAL_Driver/stm32g0xx_hal_gpio.o
 .debug_rnglists
                0x000005cd       0xb5 ./Drivers/STM32G0xx_HAL_Driver/stm32g0xx_hal_pwr_ex.o
 .debug_rnglists
                0x00000682       0x79 ./Drivers/STM32G0xx_HAL_Driver/stm32g0xx_hal_rcc.o
 .debug_rnglists
                0x000006fb       0x30 ./Drivers/STM32G0xx_HAL_Driver/stm32g0xx_hal_rcc_ex.o
 .debug_rnglists
                0x0000072b      0x1fb ./Drivers/STM32G0xx_HAL_Driver/stm32g0xx_hal_uart.o
 .debug_rnglists
                0x00000926       0x80 ./Drivers/STM32G0xx_HAL_Driver/stm32g0xx_hal_uart_ex.o

.debug_macro    0x00000000    0x1a6d4
 .debug_macro   0x00000000      0x20c ./Application/User/Core/adc.o
 .debug_macro   0x0000020c      0xaae ./Application/User/Core/adc.o
 .debug_macro   0x00000cba      0x11d ./Application/User/Core/adc.o
 .debug_macro   0x00000dd7       0x2e ./Application/User/Core/adc.o
 .debug_macro   0x00000e05       0x28 ./Application/User/Core/adc.o
 .debug_macro   0x00000e2d       0x22 ./Application/User/Core/adc.o
 .debug_macro   0x00000e4f       0x8e ./Application/User/Core/adc.o
 .debug_macro   0x00000edd       0x51 ./Application/User/Core/adc.o
 .debug_macro   0x00000f2e      0x103 ./Application/User/Core/adc.o
 .debug_macro   0x00001031       0x6a ./Application/User/Core/adc.o
 .debug_macro   0x0000109b      0x1df ./Application/User/Core/adc.o
 .debug_macro   0x0000127a       0x1c ./Application/User/Core/adc.o
 .debug_macro   0x00001296       0x22 ./Application/User/Core/adc.o
 .debug_macro   0x000012b8       0xd1 ./Application/User/Core/adc.o
 .debug_macro   0x00001389      0x4da ./Application/User/Core/adc.o
 .debug_macro   0x00001863      0x11f ./Application/User/Core/adc.o
 .debug_macro   0x00001982     0xc753 ./Application/User/Core/adc.o
 .debug_macro   0x0000e0d5       0x66 ./Application/User/Core/adc.o
 .debug_macro   0x0000e13b     0x350e ./Application/User/Core/adc.o
 .debug_macro   0x00011649      0x190 ./Application/User/Core/adc.o
 .debug_macro   0x000117d9       0x5c ./Application/User/Core/adc.o
 .debug_macro   0x00011835      0x56c ./Application/User/Core/adc.o
 .debug_macro   0x00011da1     0x1122 ./Application/User/Core/adc.o
 .debug_macro   0x00012ec3      0x264 ./Application/User/Core/adc.o
 .debug_macro   0x00013127      0x1cf ./Application/User/Core/adc.o
 .debug_macro   0x000132f6      0x1d8 ./Application/User/Core/adc.o
 .debug_macro   0x000134ce      0x426 ./Application/User/Core/adc.o
 .debug_macro   0x000138f4      0x280 ./Application/User/Core/adc.o
 .debug_macro   0x00013b74      0x3a7 ./Application/User/Core/adc.o
 .debug_macro   0x00013f1b      0x1b2 ./Application/User/Core/adc.o
 .debug_macro   0x000140cd       0x43 ./Application/User/Core/adc.o
 .debug_macro   0x00014110      0x1f1 ./Application/User/Core/adc.o
 .debug_macro   0x00014301      0x8b6 ./Application/User/Core/adc.o
 .debug_macro   0x00014bb7      0x5c2 ./Application/User/Core/adc.o
 .debug_macro   0x00015179       0x2e ./Application/User/Core/adc.o
 .debug_macro   0x000151a7      0x1d6 ./Application/User/Core/adc.o
 .debug_macro   0x0001537d      0x38a ./Application/User/Core/adc.o
 .debug_macro   0x00015707       0x28 ./Application/User/Core/adc.o
 .debug_macro   0x0001572f       0xe4 ./Application/User/Core/adc.o
 .debug_macro   0x00015813      0x125 ./Application/User/Core/adc.o
 .debug_macro   0x00015938      0x240 ./Application/User/Core/adc.o
 .debug_macro   0x00015b78      0x693 ./Application/User/Core/adc.o
 .debug_macro   0x0001620b       0xa6 ./Application/User/Core/adc.o
 .debug_macro   0x000162b1      0x4f2 ./Application/User/Core/adc.o
 .debug_macro   0x000167a3       0x10 ./Application/User/Core/adc.o
 .debug_macro   0x000167b3      0x20c ./Application/User/Core/dma.o
 .debug_macro   0x000169bf      0x20c ./Application/User/Core/gpio.o
 .debug_macro   0x00016bcb      0x306 ./Application/User/Core/main.o
 .debug_macro   0x00016ed1       0x61 ./Application/User/Core/main.o
 .debug_macro   0x00016f32       0x24 ./Application/User/Core/main.o
 .debug_macro   0x00016f56       0x43 ./Application/User/Core/main.o
 .debug_macro   0x00016f99       0x34 ./Application/User/Core/main.o
 .debug_macro   0x00016fcd       0x16 ./Application/User/Core/main.o
 .debug_macro   0x00016fe3       0x3c ./Application/User/Core/main.o
 .debug_macro   0x0001701f      0x370 ./Application/User/Core/main.o
 .debug_macro   0x0001738f       0x10 ./Application/User/Core/main.o
 .debug_macro   0x0001739f       0x16 ./Application/User/Core/main.o
 .debug_macro   0x000173b5       0x4a ./Application/User/Core/main.o
 .debug_macro   0x000173ff       0x34 ./Application/User/Core/main.o
 .debug_macro   0x00017433       0x10 ./Application/User/Core/main.o
 .debug_macro   0x00017443       0x58 ./Application/User/Core/main.o
 .debug_macro   0x0001749b       0x8e ./Application/User/Core/main.o
 .debug_macro   0x00017529       0x1c ./Application/User/Core/main.o
 .debug_macro   0x00017545      0x185 ./Application/User/Core/main.o
 .debug_macro   0x000176ca       0x16 ./Application/User/Core/main.o
 .debug_macro   0x000176e0       0x16 ./Application/User/Core/main.o
 .debug_macro   0x000176f6      0x146 ./Application/User/Core/main.o
 .debug_macro   0x0001783c      0x202 ./Application/User/Core/stm32g0xx_hal_msp.o
 .debug_macro   0x00017a3e      0x20c ./Application/User/Core/stm32g0xx_it.o
 .debug_macro   0x00017c4a      0x274 ./Application/User/Core/syscalls.o
 .debug_macro   0x00017ebe       0x5b ./Application/User/Core/syscalls.o
 .debug_macro   0x00017f19       0x94 ./Application/User/Core/syscalls.o
 .debug_macro   0x00017fad       0x57 ./Application/User/Core/syscalls.o
 .debug_macro   0x00018004       0x10 ./Application/User/Core/syscalls.o
 .debug_macro   0x00018014       0x10 ./Application/User/Core/syscalls.o
 .debug_macro   0x00018024       0x10 ./Application/User/Core/syscalls.o
 .debug_macro   0x00018034       0x10 ./Application/User/Core/syscalls.o
 .debug_macro   0x00018044       0x1c ./Application/User/Core/syscalls.o
 .debug_macro   0x00018060       0x52 ./Application/User/Core/syscalls.o
 .debug_macro   0x000180b2       0x22 ./Application/User/Core/syscalls.o
 .debug_macro   0x000180d4       0x10 ./Application/User/Core/syscalls.o
 .debug_macro   0x000180e4       0x52 ./Application/User/Core/syscalls.o
 .debug_macro   0x00018136       0xcf ./Application/User/Core/syscalls.o
 .debug_macro   0x00018205       0x1c ./Application/User/Core/syscalls.o
 .debug_macro   0x00018221       0x3d ./Application/User/Core/syscalls.o
 .debug_macro   0x0001825e       0x35 ./Application/User/Core/syscalls.o
 .debug_macro   0x00018293      0x12c ./Application/User/Core/syscalls.o
 .debug_macro   0x000183bf       0x16 ./Application/User/Core/syscalls.o
 .debug_macro   0x000183d5       0x16 ./Application/User/Core/syscalls.o
 .debug_macro   0x000183eb       0x29 ./Application/User/Core/syscalls.o
 .debug_macro   0x00018414       0x10 ./Application/User/Core/syscalls.o
 .debug_macro   0x00018424      0x242 ./Application/User/Core/syscalls.o
 .debug_macro   0x00018666       0x1c ./Application/User/Core/syscalls.o
 .debug_macro   0x00018682       0x10 ./Application/User/Core/syscalls.o
 .debug_macro   0x00018692      0x18a ./Application/User/Core/syscalls.o
 .debug_macro   0x0001881c       0x16 ./Application/User/Core/syscalls.o
 .debug_macro   0x00018832       0xce ./Application/User/Core/syscalls.o
 .debug_macro   0x00018900      0x112 ./Application/User/Core/sysmem.o
 .debug_macro   0x00018a12      0x23c ./Application/User/Core/sysmem.o
 .debug_macro   0x00018c4e      0x20c ./Application/User/Core/usart.o
 .debug_macro   0x00018e5a      0x1f3 ./Drivers/CMSIS/system_stm32g0xx.o
 .debug_macro   0x0001904d      0x217 ./Drivers/STM32G0xx_HAL_Driver/stm32g0xx_hal.o
 .debug_macro   0x00019264      0x217 ./Drivers/STM32G0xx_HAL_Driver/stm32g0xx_hal_adc.o
 .debug_macro   0x0001947b      0x1ff ./Drivers/STM32G0xx_HAL_Driver/stm32g0xx_hal_adc_ex.o
 .debug_macro   0x0001967a      0x1f3 ./Drivers/STM32G0xx_HAL_Driver/stm32g0xx_hal_cortex.o
 .debug_macro   0x0001986d      0x1f3 ./Drivers/STM32G0xx_HAL_Driver/stm32g0xx_hal_dma.o
 .debug_macro   0x00019a60      0x1fa ./Drivers/STM32G0xx_HAL_Driver/stm32g0xx_hal_gpio.o
 .debug_macro   0x00019c5a      0x21d ./Drivers/STM32G0xx_HAL_Driver/stm32g0xx_hal_pwr_ex.o
 .debug_macro   0x00019e77      0x235 ./Drivers/STM32G0xx_HAL_Driver/stm32g0xx_hal_rcc.o
 .debug_macro   0x0001a0ac      0x20b ./Drivers/STM32G0xx_HAL_Driver/stm32g0xx_hal_rcc_ex.o
 .debug_macro   0x0001a2b7      0x21e ./Drivers/STM32G0xx_HAL_Driver/stm32g0xx_hal_uart.o
 .debug_macro   0x0001a4d5      0x1ff ./Drivers/STM32G0xx_HAL_Driver/stm32g0xx_hal_uart_ex.o

.debug_line     0x00000000    0x116a9
 .debug_line    0x00000000      0x8a4 ./Application/User/Core/adc.o
 .debug_line    0x000008a4      0x7ca ./Application/User/Core/dma.o
 .debug_line    0x0000106e      0x7db ./Application/User/Core/gpio.o
 .debug_line    0x00001849      0xa0e ./Application/User/Core/main.o
 .debug_line    0x00002257      0x7ce ./Application/User/Core/stm32g0xx_hal_msp.o
 .debug_line    0x00002a25      0x843 ./Application/User/Core/stm32g0xx_it.o
 .debug_line    0x00003268      0x8b9 ./Application/User/Core/syscalls.o
 .debug_line    0x00003b21      0x595 ./Application/User/Core/sysmem.o
 .debug_line    0x000040b6      0x881 ./Application/User/Core/usart.o
 .debug_line    0x00004937       0x7b ./Application/User/Startup/startup_stm32g071rbtx.o
 .debug_line    0x000049b2      0x841 ./Drivers/CMSIS/system_stm32g0xx.o
 .debug_line    0x000051f3      0xb87 ./Drivers/STM32G0xx_HAL_Driver/stm32g0xx_hal.o
 .debug_line    0x00005d7a     0x19ad ./Drivers/STM32G0xx_HAL_Driver/stm32g0xx_hal_adc.o
 .debug_line    0x00007727      0xb26 ./Drivers/STM32G0xx_HAL_Driver/stm32g0xx_hal_adc_ex.o
 .debug_line    0x0000824d      0xc1c ./Drivers/STM32G0xx_HAL_Driver/stm32g0xx_hal_cortex.o
 .debug_line    0x00008e69      0xe03 ./Drivers/STM32G0xx_HAL_Driver/stm32g0xx_hal_dma.o
 .debug_line    0x00009c6c      0xbd8 ./Drivers/STM32G0xx_HAL_Driver/stm32g0xx_hal_gpio.o
 .debug_line    0x0000a844      0xb60 ./Drivers/STM32G0xx_HAL_Driver/stm32g0xx_hal_pwr_ex.o
 .debug_line    0x0000b3a4     0x1058 ./Drivers/STM32G0xx_HAL_Driver/stm32g0xx_hal_rcc.o
 .debug_line    0x0000c3fc      0xde1 ./Drivers/STM32G0xx_HAL_Driver/stm32g0xx_hal_rcc_ex.o
 .debug_line    0x0000d1dd     0x372c ./Drivers/STM32G0xx_HAL_Driver/stm32g0xx_hal_uart.o
 .debug_line    0x00010909      0xda0 ./Drivers/STM32G0xx_HAL_Driver/stm32g0xx_hal_uart_ex.o

.debug_str      0x00000000    0xa2aac
 .debug_str     0x00000000    0xa2aac ./Application/User/Core/adc.o
                              0x9a03d (size before relaxing)
 .debug_str     0x000a2aac    0x99bc3 ./Application/User/Core/dma.o
 .debug_str     0x000a2aac    0x99a6f ./Application/User/Core/gpio.o
 .debug_str     0x000a2aac    0x9db1e ./Application/User/Core/main.o
 .debug_str     0x000a2aac    0x999a4 ./Application/User/Core/stm32g0xx_hal_msp.o
 .debug_str     0x000a2aac    0x99c26 ./Application/User/Core/stm32g0xx_it.o
 .debug_str     0x000a2aac     0x98e3 ./Application/User/Core/syscalls.o
 .debug_str     0x000a2aac     0x7681 ./Application/User/Core/sysmem.o
 .debug_str     0x000a2aac    0x9a190 ./Application/User/Core/usart.o
 .debug_str     0x000a2aac       0x86 ./Application/User/Startup/startup_stm32g071rbtx.o
 .debug_str     0x000a2aac    0x999c2 ./Drivers/CMSIS/system_stm32g0xx.o
 .debug_str     0x000a2aac    0x9a1bf ./Drivers/STM32G0xx_HAL_Driver/stm32g0xx_hal.o
 .debug_str     0x000a2aac    0x9a77d ./Drivers/STM32G0xx_HAL_Driver/stm32g0xx_hal_adc.o
 .debug_str     0x000a2aac    0x9a159 ./Drivers/STM32G0xx_HAL_Driver/stm32g0xx_hal_adc_ex.o
 .debug_str     0x000a2aac    0x99e89 ./Drivers/STM32G0xx_HAL_Driver/stm32g0xx_hal_cortex.o
 .debug_str     0x000a2aac    0x99e5c ./Drivers/STM32G0xx_HAL_Driver/stm32g0xx_hal_dma.o
 .debug_str     0x000a2aac    0x99b0b ./Drivers/STM32G0xx_HAL_Driver/stm32g0xx_hal_gpio.o
 .debug_str     0x000a2aac    0x99e4f ./Drivers/STM32G0xx_HAL_Driver/stm32g0xx_hal_pwr_ex.o
 .debug_str     0x000a2aac    0x9a118 ./Drivers/STM32G0xx_HAL_Driver/stm32g0xx_hal_rcc.o
 .debug_str     0x000a2aac    0x99d8c ./Drivers/STM32G0xx_HAL_Driver/stm32g0xx_hal_rcc_ex.o
 .debug_str     0x000a2aac    0x9a98d ./Drivers/STM32G0xx_HAL_Driver/stm32g0xx_hal_uart.o
 .debug_str     0x000a2aac    0x9a24c ./Drivers/STM32G0xx_HAL_Driver/stm32g0xx_hal_uart_ex.o

.comment        0x00000000       0x43
 .comment       0x00000000       0x43 ./Application/User/Core/adc.o
                                 0x44 (size before relaxing)
 .comment       0x00000043       0x44 ./Application/User/Core/dma.o
 .comment       0x00000043       0x44 ./Application/User/Core/gpio.o
 .comment       0x00000043       0x44 ./Application/User/Core/main.o
 .comment       0x00000043       0x44 ./Application/User/Core/stm32g0xx_hal_msp.o
 .comment       0x00000043       0x44 ./Application/User/Core/stm32g0xx_it.o
 .comment       0x00000043       0x44 ./Application/User/Core/syscalls.o
 .comment       0x00000043       0x44 ./Application/User/Core/sysmem.o
 .comment       0x00000043       0x44 ./Application/User/Core/usart.o
 .comment       0x00000043       0x44 ./Drivers/CMSIS/system_stm32g0xx.o
 .comment       0x00000043       0x44 ./Drivers/STM32G0xx_HAL_Driver/stm32g0xx_hal.o
 .comment       0x00000043       0x44 ./Drivers/STM32G0xx_HAL_Driver/stm32g0xx_hal_adc.o
 .comment       0x00000043       0x44 ./Drivers/STM32G0xx_HAL_Driver/stm32g0xx_hal_adc_ex.o
 .comment       0x00000043       0x44 ./Drivers/STM32G0xx_HAL_Driver/stm32g0xx_hal_cortex.o
 .comment       0x00000043       0x44 ./Drivers/STM32G0xx_HAL_Driver/stm32g0xx_hal_dma.o
 .comment       0x00000043       0x44 ./Drivers/STM32G0xx_HAL_Driver/stm32g0xx_hal_gpio.o
 .comment       0x00000043       0x44 ./Drivers/STM32G0xx_HAL_Driver/stm32g0xx_hal_pwr_ex.o
 .comment       0x00000043       0x44 ./Drivers/STM32G0xx_HAL_Driver/stm32g0xx_hal_rcc.o
 .comment       0x00000043       0x44 ./Drivers/STM32G0xx_HAL_Driver/stm32g0xx_hal_rcc_ex.o
 .comment       0x00000043       0x44 ./Drivers/STM32G0xx_HAL_Driver/stm32g0xx_hal_uart.o
 .comment       0x00000043       0x44 ./Drivers/STM32G0xx_HAL_Driver/stm32g0xx_hal_uart_ex.o

.debug_frame    0x00000000     0x3318
 .debug_frame   0x00000000       0x70 ./Application/User/Core/adc.o
 .debug_frame   0x00000070       0x30 ./Application/User/Core/dma.o
 .debug_frame   0x000000a0       0x30 ./Application/User/Core/gpio.o
 .debug_frame   0x000000d0       0xa8 ./Application/User/Core/main.o
 .debug_frame   0x00000178       0x30 ./Application/User/Core/stm32g0xx_hal_msp.o
 .debug_frame   0x000001a8       0xb8 ./Application/User/Core/stm32g0xx_it.o
 .debug_frame   0x00000260      0x244 ./Application/User/Core/syscalls.o
 .debug_frame   0x000004a4       0x30 ./Application/User/Core/sysmem.o
 .debug_frame   0x000004d4       0x6c ./Application/User/Core/usart.o
 .debug_frame   0x00000540       0x4c ./Drivers/CMSIS/system_stm32g0xx.o
 .debug_frame   0x0000058c      0x3dc ./Drivers/STM32G0xx_HAL_Driver/stm32g0xx_hal.o
 .debug_frame   0x00000968      0x78c ./Drivers/STM32G0xx_HAL_Driver/stm32g0xx_hal_adc.o